Component: ARM Compiler 5.06 update 6 (build 750) Tool: armlink [4d35ed]

==============================================================================

Section Cross References

    startup_stm32g031xx.o(RESET) refers to startup_stm32g031xx.o(STACK) for __initial_sp
    startup_stm32g031xx.o(RESET) refers to startup_stm32g031xx.o(.text) for Reset_Handler
    startup_stm32g031xx.o(RESET) refers to stm32g0xx_it.o(i.NMI_Handler) for NMI_Handler
    startup_stm32g031xx.o(RESET) refers to stm32g0xx_it.o(i.HardFault_Handler) for HardFault_Handler
    startup_stm32g031xx.o(RESET) refers to stm32g0xx_it.o(i.SVC_Handler) for SVC_Handler
    startup_stm32g031xx.o(RESET) refers to stm32g0xx_it.o(i.PendSV_Handler) for PendSV_Handler
    startup_stm32g031xx.o(RESET) refers to stm32g0xx_it.o(i.SysTick_Handler) for SysTick_Handler
    startup_stm32g031xx.o(RESET) refers to gpio.o(i.EXTI4_15_IRQHandler) for EXTI4_15_IRQHandler
    startup_stm32g031xx.o(RESET) refers to timer.o(i.TIM3_IRQHandler) for TIM3_IRQHandler
    startup_stm32g031xx.o(RESET) refers to iic.o(i.I2C1_IRQHandler) for I2C1_IRQHandler
    startup_stm32g031xx.o(RESET) refers to iic.o(i.I2C2_IRQHandler) for I2C2_IRQHandler
    startup_stm32g031xx.o(RESET) refers to usart.o(i.USART1_IRQHandler) for USART1_IRQHandler
    startup_stm32g031xx.o(RESET) refers to usart.o(i.USART2_IRQHandler) for USART2_IRQHandler
    startup_stm32g031xx.o(.text) refers to system_stm32g0xx.o(i.SystemInit) for SystemInit
    startup_stm32g031xx.o(.text) refers to entry.o(.ARM.Collect$$$$00000000) for __main
    main.o(i.main) refers to app.o(i.APP_Init) for APP_Init
    main.o(i.main) refers to app.o(i.APP_PollingTask) for APP_PollingTask
    stm32g0xx_it.o(i.SysTick_Handler) refers to stm32g0xx_hal.o(i.HAL_IncTick) for HAL_IncTick
    stm32g0xx_hal_adc.o(i.ADC_ConversionStop) refers to stm32g0xx_hal_adc.o(i.LL_ADC_REG_IsConversionOngoing) for LL_ADC_REG_IsConversionOngoing
    stm32g0xx_hal_adc.o(i.ADC_ConversionStop) refers to stm32g0xx_hal.o(i.HAL_GetTick) for HAL_GetTick
    stm32g0xx_hal_adc.o(i.ADC_DMAConvCplt) refers to stm32g0xx_hal_adc.o(i.LL_ADC_REG_IsTriggerSourceSWStart) for LL_ADC_REG_IsTriggerSourceSWStart
    stm32g0xx_hal_adc.o(i.ADC_DMAConvCplt) refers to stm32g0xx_hal_adc.o(i.HAL_ADC_ErrorCallback) for HAL_ADC_ErrorCallback
    stm32g0xx_hal_adc.o(i.ADC_DMAConvCplt) refers to stm32g0xx_hal_adc.o(i.LL_ADC_REG_IsConversionOngoing) for LL_ADC_REG_IsConversionOngoing
    stm32g0xx_hal_adc.o(i.ADC_DMAConvCplt) refers to stm32g0xx_hal_adc.o(i.HAL_ADC_ConvCpltCallback) for HAL_ADC_ConvCpltCallback
    stm32g0xx_hal_adc.o(i.ADC_DMAError) refers to stm32g0xx_hal_adc.o(i.HAL_ADC_ErrorCallback) for HAL_ADC_ErrorCallback
    stm32g0xx_hal_adc.o(i.ADC_DMAHalfConvCplt) refers to stm32g0xx_hal_adc.o(i.HAL_ADC_ConvHalfCpltCallback) for HAL_ADC_ConvHalfCpltCallback
    stm32g0xx_hal_adc.o(i.ADC_Disable) refers to stm32g0xx_hal_adc.o(i.LL_ADC_IsEnabled) for LL_ADC_IsEnabled
    stm32g0xx_hal_adc.o(i.ADC_Disable) refers to stm32g0xx_hal.o(i.HAL_GetTick) for HAL_GetTick
    stm32g0xx_hal_adc.o(i.ADC_Enable) refers to stm32g0xx_hal_adc.o(i.LL_ADC_IsEnabled) for LL_ADC_IsEnabled
    stm32g0xx_hal_adc.o(i.ADC_Enable) refers to uidiv.o(.text) for __aeabi_uidivmod
    stm32g0xx_hal_adc.o(i.ADC_Enable) refers to stm32g0xx_hal.o(i.HAL_GetTick) for HAL_GetTick
    stm32g0xx_hal_adc.o(i.ADC_Enable) refers to system_stm32g0xx.o(.data) for SystemCoreClock
    stm32g0xx_hal_adc.o(i.HAL_ADC_AnalogWDGConfig) refers to stm32g0xx_hal_adc.o(i.LL_ADC_REG_IsConversionOngoing) for LL_ADC_REG_IsConversionOngoing
    stm32g0xx_hal_adc.o(i.HAL_ADC_AnalogWDGConfig) refers to stm32g0xx_hal_adc.o(i.LL_ADC_SetAnalogWDMonitChannels) for LL_ADC_SetAnalogWDMonitChannels
    stm32g0xx_hal_adc.o(i.HAL_ADC_ConfigChannel) refers to stm32g0xx_hal_adc.o(i.LL_ADC_REG_IsConversionOngoing) for LL_ADC_REG_IsConversionOngoing
    stm32g0xx_hal_adc.o(i.HAL_ADC_ConfigChannel) refers to stm32g0xx_hal_adc.o(i.LL_ADC_SetCommonPathInternalCh) for LL_ADC_SetCommonPathInternalCh
    stm32g0xx_hal_adc.o(i.HAL_ADC_ConfigChannel) refers to uidiv.o(.text) for __aeabi_uidivmod
    stm32g0xx_hal_adc.o(i.HAL_ADC_ConfigChannel) refers to system_stm32g0xx.o(.data) for SystemCoreClock
    stm32g0xx_hal_adc.o(i.HAL_ADC_DeInit) refers to stm32g0xx_hal_adc.o(i.ADC_ConversionStop) for ADC_ConversionStop
    stm32g0xx_hal_adc.o(i.HAL_ADC_DeInit) refers to stm32g0xx_hal_adc.o(i.ADC_Disable) for ADC_Disable
    stm32g0xx_hal_adc.o(i.HAL_ADC_DeInit) refers to adc.o(i.HAL_ADC_MspDeInit) for HAL_ADC_MspDeInit
    stm32g0xx_hal_adc.o(i.HAL_ADC_IRQHandler) refers to stm32g0xx_hal_adc_ex.o(i.HAL_ADCEx_EndOfSamplingCallback) for HAL_ADCEx_EndOfSamplingCallback
    stm32g0xx_hal_adc.o(i.HAL_ADC_IRQHandler) refers to stm32g0xx_hal_adc.o(i.LL_ADC_REG_IsTriggerSourceSWStart) for LL_ADC_REG_IsTriggerSourceSWStart
    stm32g0xx_hal_adc.o(i.HAL_ADC_IRQHandler) refers to stm32g0xx_hal_adc.o(i.LL_ADC_REG_IsConversionOngoing) for LL_ADC_REG_IsConversionOngoing
[...]
    Removing stm32g0xx_hal_tim.o(i.HAL_TIM_Base_Start), (88 bytes).
    Removing stm32g0xx_hal_tim.o(i.HAL_TIM_Base_Start_DMA), (180 bytes).
    Removing stm32g0xx_hal_tim.o(i.HAL_TIM_Base_Stop), (40 bytes).
    Removing stm32g0xx_hal_tim.o(i.HAL_TIM_Base_Stop_DMA), (64 bytes).
    Removing stm32g0xx_hal_tim.o(i.HAL_TIM_Base_Stop_IT), (52 bytes).
    Removing stm32g0xx_hal_tim.o(i.HAL_TIM_ConfigOCrefClear), (312 bytes).
    Removing stm32g0xx_hal_tim.o(i.HAL_TIM_ConfigTI1Input), (16 bytes).
    Removing stm32g0xx_hal_tim.o(i.HAL_TIM_DMABurstState), (6 bytes).
    Removing stm32g0xx_hal_tim.o(i.HAL_TIM_DMABurst_MultiReadStart), (400 bytes).
    Removing stm32g0xx_hal_tim.o(i.HAL_TIM_DMABurst_MultiWriteStart), (400 bytes).
    Removing stm32g0xx_hal_tim.o(i.HAL_TIM_DMABurst_ReadStart), (18 bytes).
    Removing stm32g0xx_hal_tim.o(i.HAL_TIM_DMABurst_ReadStop), (132 bytes).
    Removing stm32g0xx_hal_tim.o(i.HAL_TIM_DMABurst_WriteStart), (18 bytes).
    Removing stm32g0xx_hal_tim.o(i.HAL_TIM_DMABurst_WriteStop), (132 bytes).
    Removing stm32g0xx_hal_tim.o(i.HAL_TIM_Encoder_DeInit), (72 bytes).
    Removing stm32g0xx_hal_tim.o(i.HAL_TIM_Encoder_GetState), (6 bytes).
    Removing stm32g0xx_hal_tim.o(i.HAL_TIM_Encoder_Init), (184 bytes).
    Removing stm32g0xx_hal_tim.o(i.HAL_TIM_Encoder_MspDeInit), (2 bytes).
    Removing stm32g0xx_hal_tim.o(i.HAL_TIM_Encoder_MspInit), (2 bytes).
    Removing stm32g0xx_hal_tim.o(i.HAL_TIM_Encoder_Start), (166 bytes).
    Removing stm32g0xx_hal_tim.o(i.HAL_TIM_Encoder_Start_DMA), (500 bytes).
    Removing stm32g0xx_hal_tim.o(i.HAL_TIM_Encoder_Start_IT), (202 bytes).
    Removing stm32g0xx_hal_tim.o(i.HAL_TIM_Encoder_Stop), (184 bytes).
    Removing stm32g0xx_hal_tim.o(i.HAL_TIM_Encoder_Stop_DMA), (244 bytes).
    Removing stm32g0xx_hal_tim.o(i.HAL_TIM_Encoder_Stop_IT), (220 bytes).
    Removing stm32g0xx_hal_tim.o(i.HAL_TIM_ErrorCallback), (2 bytes).
    Removing stm32g0xx_hal_tim.o(i.HAL_TIM_GenerateEvent), (36 bytes).
    Removing stm32g0xx_hal_tim.o(i.HAL_TIM_GetActiveChannel), (4 bytes).
    Removing stm32g0xx_hal_tim.o(i.HAL_TIM_GetChannelState), (50 bytes).
    Removing stm32g0xx_hal_tim.o(i.HAL_TIM_IC_CaptureHalfCpltCallback), (2 bytes).
    Removing stm32g0xx_hal_tim.o(i.HAL_TIM_IC_ConfigChannel), (180 bytes).
    Removing stm32g0xx_hal_tim.o(i.HAL_TIM_IC_DeInit), (84 bytes).
    Removing stm32g0xx_hal_tim.o(i.HAL_TIM_IC_GetState), (6 bytes).
    Removing stm32g0xx_hal_tim.o(i.HAL_TIM_IC_Init), (78 bytes).
    Removing stm32g0xx_hal_tim.o(i.HAL_TIM_IC_MspDeInit), (2 bytes).
    Removing stm32g0xx_hal_tim.o(i.HAL_TIM_IC_MspInit), (2 bytes).
    Removing stm32g0xx_hal_tim.o(i.HAL_TIM_IC_Start), (240 bytes).
    Removing stm32g0xx_hal_tim.o(i.HAL_TIM_IC_Start_DMA), (480 bytes).
    Removing stm32g0xx_hal_tim.o(i.HAL_TIM_IC_Start_IT), (304 bytes).
    Removing stm32g0xx_hal_tim.o(i.HAL_TIM_IC_Stop), (128 bytes).
    Removing stm32g0xx_hal_tim.o(i.HAL_TIM_IC_Stop_DMA), (224 bytes).
    Removing stm32g0xx_hal_tim.o(i.HAL_TIM_IC_Stop_IT), (184 bytes).
    Removing stm32g0xx_hal_tim.o(i.HAL_TIM_OC_ConfigChannel), (102 bytes).
    Removing stm32g0xx_hal_tim.o(i.HAL_TIM_OC_DeInit), (84 bytes).
    Removing stm32g0xx_hal_tim.o(i.HAL_TIM_OC_GetState), (6 bytes).
    Removing stm32g0xx_hal_tim.o(i.HAL_TIM_OC_Init), (78 bytes).
    Removing stm32g0xx_hal_tim.o(i.HAL_TIM_OC_MspDeInit), (2 bytes).
    Removing stm32g0xx_hal_tim.o(i.HAL_TIM_OC_MspInit), (2 bytes).
    Removing stm32g0xx_hal_tim.o(i.HAL_TIM_OC_Start), (220 bytes).
    Removing stm32g0xx_hal_tim.o(i.HAL_TIM_OC_Start_DMA), (504 bytes).
    Removing stm32g0xx_hal_tim.o(i.HAL_TIM_OC_Start_IT), (280 bytes).
    Removing stm32g0xx_hal_tim.o(i.HAL_TIM_OC_Stop), (156 bytes).
    Removing stm32g0xx_hal_tim.o(i.HAL_TIM_OC_Stop_DMA), (244 bytes).
    Removing stm32g0xx_hal_tim.o(i.HAL_TIM_OC_Stop_IT), (212 bytes).
    Removing stm32g0xx_hal_tim.o(i.HAL_TIM_OnePulse_ConfigChannel), (244 bytes).
    Removing stm32g0xx_hal_tim.o(i.HAL_TIM_OnePulse_DeInit), (72 bytes).
    Removing stm32g0xx_hal_tim.o(i.HAL_TIM_OnePulse_GetState), (6 bytes).
    Removing stm32g0xx_hal_tim.o(i.HAL_TIM_OnePulse_Init), (86 bytes).
    Removing stm32g0xx_hal_tim.o(i.HAL_TIM_OnePulse_MspDeInit), (2 bytes).
    Removing stm32g0xx_hal_tim.o(i.HAL_TIM_OnePulse_MspInit), (2 bytes).
    Removing stm32g0xx_hal_tim.o(i.HAL_TIM_OnePulse_Start), (116 bytes).
    Removing stm32g0xx_hal_tim.o(i.HAL_TIM_OnePulse_Start_IT), (136 bytes).
    Removing stm32g0xx_hal_tim.o(i.HAL_TIM_OnePulse_Stop), (128 bytes).
    Removing stm32g0xx_hal_tim.o(i.HAL_TIM_OnePulse_Stop_IT), (148 bytes).
    Removing stm32g0xx_hal_tim.o(i.HAL_TIM_PWM_ConfigChannel), (310 bytes).
    Removing stm32g0xx_hal_tim.o(i.HAL_TIM_PWM_DeInit), (84 bytes).
    Removing stm32g0xx_hal_tim.o(i.HAL_TIM_PWM_GetState), (6 bytes).
    Removing stm32g0xx_hal_tim.o(i.HAL_TIM_PWM_Init), (78 bytes).
    Removing stm32g0xx_hal_tim.o(i.HAL_TIM_PWM_MspDeInit), (2 bytes).
    Removing stm32g0xx_hal_tim.o(i.HAL_TIM_PWM_MspInit), (2 bytes).
    Removing stm32g0xx_hal_tim.o(i.HAL_TIM_PWM_PulseFinishedHalfCpltCallback), (2 bytes).
    Removing stm32g0xx_hal_tim.o(i.HAL_TIM_PWM_Start), (220 bytes).
    Removing stm32g0xx_hal_tim.o(i.HAL_TIM_PWM_Start_DMA), (504 bytes).
    Removing stm32g0xx_hal_tim.o(i.HAL_TIM_PWM_Start_IT), (280 bytes).
    Removing stm32g0xx_hal_tim.o(i.HAL_TIM_PWM_Stop), (156 bytes).
    Removing stm32g0xx_hal_tim.o(i.HAL_TIM_PWM_Stop_DMA), (244 bytes).
    Removing stm32g0xx_hal_tim.o(i.HAL_TIM_PWM_Stop_IT), (212 bytes).
    Removing stm32g0xx_hal_tim.o(i.HAL_TIM_PeriodElapsedHalfCpltCallback), (2 bytes).
    Removing stm32g0xx_hal_tim.o(i.HAL_TIM_ReadCapturedValue), (44 bytes).
    Removing stm32g0xx_hal_tim.o(i.HAL_TIM_SlaveConfigSynchro), (74 bytes).
    Removing stm32g0xx_hal_tim.o(i.HAL_TIM_SlaveConfigSynchro_IT), (74 bytes).
    Removing stm32g0xx_hal_tim.o(i.HAL_TIM_TriggerHalfCpltCallback), (2 bytes).
    Removing stm32g0xx_hal_tim.o(i.TIM_CCxChannelCmd), (26 bytes).
    Removing stm32g0xx_hal_tim.o(i.TIM_DMACaptureCplt), (118 bytes).
    Removing stm32g0xx_hal_tim.o(i.TIM_DMACaptureHalfCplt), (62 bytes).
    Removing stm32g0xx_hal_tim.o(i.TIM_DMADelayPulseCplt), (102 bytes).
    Removing stm32g0xx_hal_tim.o(i.TIM_DMADelayPulseHalfCplt), (62 bytes).
    Removing stm32g0xx_hal_tim.o(i.TIM_DMAError), (84 bytes).
    Removing stm32g0xx_hal_tim.o(i.TIM_DMAPeriodElapsedCplt), (24 bytes).
    Removing stm32g0xx_hal_tim.o(i.TIM_DMAPeriodElapsedHalfCplt), (10 bytes).
    Removing stm32g0xx_hal_tim.o(i.TIM_DMATriggerCplt), (24 bytes).
    Removing stm32g0xx_hal_tim.o(i.TIM_DMATriggerHalfCplt), (10 bytes).
    Removing stm32g0xx_hal_tim.o(i.TIM_OC1_SetConfig), (128 bytes).
    Removing stm32g0xx_hal_tim.o(i.TIM_OC2_SetConfig), (132 bytes).
    Removing stm32g0xx_hal_tim.o(i.TIM_OC3_SetConfig), (132 bytes).
    Removing stm32g0xx_hal_tim.o(i.TIM_OC4_SetConfig), (108 bytes).
    Removing stm32g0xx_hal_tim.o(i.TIM_OC5_SetConfig), (92 bytes).
    Removing stm32g0xx_hal_tim.o(i.TIM_OC6_SetConfig), (100 bytes).
    Removing stm32g0xx_hal_tim.o(i.TIM_SlaveTimer_SetConfig), (144 bytes).
    Removing stm32g0xx_hal_tim.o(i.TIM_TI1_SetConfig), (80 bytes).
    Removing stm32g0xx_hal_tim.o(i.TIM_TI2_SetConfig), (52 bytes).
    Removing stm32g0xx_hal_tim.o(i.TIM_TI3_SetConfig), (52 bytes).
    Removing stm32g0xx_hal_tim.o(i.TIM_TI4_SetConfig), (58 bytes).
    Removing stm32g0xx_hal_tim_ex.o(.rev16_text), (4 bytes).
    Removing stm32g0xx_hal_tim_ex.o(.revsh_text), (4 bytes).
    Removing stm32g0xx_hal_tim_ex.o(i.HAL_TIMEx_CommutHalfCpltCallback), (2 bytes).
    Removing stm32g0xx_hal_tim_ex.o(i.HAL_TIMEx_ConfigBreakDeadTime), (172 bytes).
    Removing stm32g0xx_hal_tim_ex.o(i.HAL_TIMEx_ConfigBreakInput), (106 bytes).
    Removing stm32g0xx_hal_tim_ex.o(i.HAL_TIMEx_ConfigCommutEvent), (112 bytes).
    Removing stm32g0xx_hal_tim_ex.o(i.HAL_TIMEx_ConfigCommutEvent_DMA), (144 bytes).
    Removing stm32g0xx_hal_tim_ex.o(i.HAL_TIMEx_ConfigCommutEvent_IT), (112 bytes).
    Removing stm32g0xx_hal_tim_ex.o(i.HAL_TIMEx_DisarmBreakInput), (68 bytes).
    Removing stm32g0xx_hal_tim_ex.o(i.HAL_TIMEx_GetChannelNState), (30 bytes).
    Removing stm32g0xx_hal_tim_ex.o(i.HAL_TIMEx_GroupChannel5), (50 bytes).
    Removing stm32g0xx_hal_tim_ex.o(i.HAL_TIMEx_HallSensor_DeInit), (72 bytes).
    Removing stm32g0xx_hal_tim_ex.o(i.HAL_TIMEx_HallSensor_GetState), (6 bytes).
    Removing stm32g0xx_hal_tim_ex.o(i.HAL_TIMEx_HallSensor_Init), (208 bytes).
    Removing stm32g0xx_hal_tim_ex.o(i.HAL_TIMEx_HallSensor_MspDeInit), (2 bytes).
    Removing stm32g0xx_hal_tim_ex.o(i.HAL_TIMEx_HallSensor_MspInit), (2 bytes).
    Removing stm32g0xx_hal_tim_ex.o(i.HAL_TIMEx_HallSensor_Start), (128 bytes).
    Removing stm32g0xx_hal_tim_ex.o(i.HAL_TIMEx_HallSensor_Start_DMA), (212 bytes).
    Removing stm32g0xx_hal_tim_ex.o(i.HAL_TIMEx_HallSensor_Start_IT), (136 bytes).
    Removing stm32g0xx_hal_tim_ex.o(i.HAL_TIMEx_HallSensor_Stop), (64 bytes).
    Removing stm32g0xx_hal_tim_ex.o(i.HAL_TIMEx_HallSensor_Stop_DMA), (76 bytes).
    Removing stm32g0xx_hal_tim_ex.o(i.HAL_TIMEx_HallSensor_Stop_IT), (76 bytes).
    Removing stm32g0xx_hal_tim_ex.o(i.HAL_TIMEx_OCN_Start), (160 bytes).
    Removing stm32g0xx_hal_tim_ex.o(i.HAL_TIMEx_OCN_Start_DMA), (380 bytes).
    Removing stm32g0xx_hal_tim_ex.o(i.HAL_TIMEx_OCN_Start_IT), (216 bytes).
    Removing stm32g0xx_hal_tim_ex.o(i.HAL_TIMEx_OCN_Stop), (108 bytes).
    Removing stm32g0xx_hal_tim_ex.o(i.HAL_TIMEx_OCN_Stop_DMA), (176 bytes).
    Removing stm32g0xx_hal_tim_ex.o(i.HAL_TIMEx_OCN_Stop_IT), (168 bytes).
    Removing stm32g0xx_hal_tim_ex.o(i.HAL_TIMEx_OnePulseN_Start), (208 bytes).
    Removing stm32g0xx_hal_tim_ex.o(i.HAL_TIMEx_OnePulseN_Start_IT), (226 bytes).
    Removing stm32g0xx_hal_tim_ex.o(i.HAL_TIMEx_OnePulseN_Stop), (176 bytes).
    Removing stm32g0xx_hal_tim_ex.o(i.HAL_TIMEx_OnePulseN_Stop_IT), (196 bytes).
    Removing stm32g0xx_hal_tim_ex.o(i.HAL_TIMEx_PWMN_Start), (160 bytes).
    Removing stm32g0xx_hal_tim_ex.o(i.HAL_TIMEx_PWMN_Start_DMA), (380 bytes).
    Removing stm32g0xx_hal_tim_ex.o(i.HAL_TIMEx_PWMN_Start_IT), (216 bytes).
    Removing stm32g0xx_hal_tim_ex.o(i.HAL_TIMEx_PWMN_Stop), (108 bytes).
    Removing stm32g0xx_hal_tim_ex.o(i.HAL_TIMEx_PWMN_Stop_DMA), (176 bytes).
    Removing stm32g0xx_hal_tim_ex.o(i.HAL_TIMEx_PWMN_Stop_IT), (168 bytes).
    Removing stm32g0xx_hal_tim_ex.o(i.HAL_TIMEx_ReArmBreakInput), (98 bytes).
    Removing stm32g0xx_hal_tim_ex.o(i.HAL_TIMEx_RemapConfig), (40 bytes).
    Removing stm32g0xx_hal_tim_ex.o(i.HAL_TIMEx_TISelection), (90 bytes).
    Removing stm32g0xx_hal_tim_ex.o(i.TIMEx_DMACommutationCplt), (16 bytes).
    Removing stm32g0xx_hal_tim_ex.o(i.TIMEx_DMACommutationHalfCplt), (16 bytes).
    Removing stm32g0xx_hal_tim_ex.o(i.TIM_CCxNChannelCmd), (26 bytes).
    Removing stm32g0xx_hal_tim_ex.o(i.TIM_DMADelayPulseNCplt), (102 bytes).
    Removing stm32g0xx_hal_tim_ex.o(i.TIM_DMAErrorCCxN), (62 bytes).
    Removing stm32g0xx_hal_uart.o(.rev16_text), (4 bytes).
    Removing stm32g0xx_hal_uart.o(.revsh_text), (4 bytes).
    Removing stm32g0xx_hal_uart.o(i.HAL_HalfDuplex_EnableReceiver), (54 bytes).
    Removing stm32g0xx_hal_uart.o(i.HAL_HalfDuplex_EnableTransmitter), (54 bytes).
    Removing stm32g0xx_hal_uart.o(i.HAL_HalfDuplex_Init), (124 bytes).
    Removing stm32g0xx_hal_uart.o(i.HAL_LIN_Init), (160 bytes).
    Removing stm32g0xx_hal_uart.o(i.HAL_LIN_SendBreak), (42 bytes).
    Removing stm32g0xx_hal_uart.o(i.HAL_MultiProcessor_DisableMuteMode), (46 bytes).
    Removing stm32g0xx_hal_uart.o(i.HAL_MultiProcessor_EnableMuteMode), (46 bytes).
    Removing stm32g0xx_hal_uart.o(i.HAL_MultiProcessor_EnterMuteMode), (12 bytes).
    Removing stm32g0xx_hal_uart.o(i.HAL_MultiProcessor_Init), (150 bytes).
    Removing stm32g0xx_hal_uart.o(i.HAL_UART_Abort), (212 bytes).
    Removing stm32g0xx_hal_uart.o(i.HAL_UART_AbortCpltCallback), (2 bytes).
    Removing stm32g0xx_hal_uart.o(i.HAL_UART_AbortReceive), (136 bytes).
    Removing stm32g0xx_hal_uart.o(i.HAL_UART_AbortReceiveCpltCallback), (2 bytes).
    Removing stm32g0xx_hal_uart.o(i.HAL_UART_AbortReceive_IT), (164 bytes).
    Removing stm32g0xx_hal_uart.o(i.HAL_UART_AbortTransmit), (116 bytes).
    Removing stm32g0xx_hal_uart.o(i.HAL_UART_AbortTransmitCpltCallback), (2 bytes).
    Removing stm32g0xx_hal_uart.o(i.HAL_UART_AbortTransmit_IT), (136 bytes).
    Removing stm32g0xx_hal_uart.o(i.HAL_UART_Abort_IT), (252 bytes).
    Removing stm32g0xx_hal_uart.o(i.HAL_UART_DMAPause), (94 bytes).
    Removing stm32g0xx_hal_uart.o(i.HAL_UART_DMAResume), (86 bytes).
    Removing stm32g0xx_hal_uart.o(i.HAL_UART_DMAStop), (134 bytes).
    Removing stm32g0xx_hal_uart.o(i.HAL_UART_DeInit), (64 bytes).
    Removing stm32g0xx_hal_uart.o(i.HAL_UART_DisableReceiverTimeout), (68 bytes).
    Removing stm32g0xx_hal_uart.o(i.HAL_UART_EnableReceiverTimeout), (68 bytes).
    Removing stm32g0xx_hal_uart.o(i.HAL_UART_GetError), (6 bytes).
    Removing stm32g0xx_hal_uart.o(i.HAL_UART_GetState), (14 bytes).
    Removing stm32g0xx_hal_uart.o(i.HAL_UART_MspDeInit), (2 bytes).
    Removing stm32g0xx_hal_uart.o(i.HAL_UART_MspInit), (2 bytes).
    Removing stm32g0xx_hal_uart.o(i.HAL_UART_Receive), (300 bytes).
    Removing stm32g0xx_hal_uart.o(i.HAL_UART_Receive_DMA), (78 bytes).
    Removing stm32g0xx_hal_uart.o(i.HAL_UART_ReceiverTimeout_Config), (24 bytes).
    Removing stm32g0xx_hal_uart.o(i.HAL_UART_RxCpltCallback), (2 bytes).
    Removing stm32g0xx_hal_uart.o(i.HAL_UART_RxHalfCpltCallback), (2 bytes).
    Removing stm32g0xx_hal_uart.o(i.HAL_UART_Transmit_DMA), (180 bytes).
    Removing stm32g0xx_hal_uart.o(i.HAL_UART_Transmit_IT), (184 bytes).
    Removing stm32g0xx_hal_uart.o(i.HAL_UART_TxHalfCpltCallback), (2 bytes).
    Removing stm32g0xx_hal_uart.o(i.UART_DMAError), (78 bytes).
    Removing stm32g0xx_hal_uart.o(i.UART_DMAReceiveCplt), (96 bytes).
    Removing stm32g0xx_hal_uart.o(i.UART_DMARxAbortCallback), (64 bytes).
    Removing stm32g0xx_hal_uart.o(i.UART_DMARxHalfCplt), (28 bytes).
    Removing stm32g0xx_hal_uart.o(i.UART_DMARxOnlyAbortCallback), (40 bytes).
    Removing stm32g0xx_hal_uart.o(i.UART_DMATransmitCplt), (48 bytes).
    Removing stm32g0xx_hal_uart.o(i.UART_DMATxAbortCallback), (74 bytes).
    Removing stm32g0xx_hal_uart.o(i.UART_DMATxHalfCplt), (10 bytes).
    Removing stm32g0xx_hal_uart.o(i.UART_DMATxOnlyAbortCallback), (42 bytes).
    Removing stm32g0xx_hal_uart.o(i.UART_EndTxTransfer), (30 bytes).
    Removing stm32g0xx_hal_uart.o(i.UART_Start_Receive_DMA), (132 bytes).
    Removing stm32g0xx_hal_uart.o(i.UART_TxISR_16BIT), (66 bytes).
    Removing stm32g0xx_hal_uart.o(i.UART_TxISR_16BIT_FIFOEN), (88 bytes).
    Removing stm32g0xx_hal_uart.o(i.UART_TxISR_8BIT), (62 bytes).
    Removing stm32g0xx_hal_uart.o(i.UART_TxISR_8BIT_FIFOEN), (84 bytes).
    Removing stm32g0xx_hal_uart_ex.o(.rev16_text), (4 bytes).
    Removing stm32g0xx_hal_uart_ex.o(.revsh_text), (4 bytes).
    Removing stm32g0xx_hal_uart_ex.o(i.HAL_MultiProcessorEx_AddressLength_Set), (54 bytes).
    Removing stm32g0xx_hal_uart_ex.o(i.HAL_RS485Ex_Init), (148 bytes).
    Removing stm32g0xx_hal_uart_ex.o(i.HAL_UARTEx_DisableFifoMode), (60 bytes).
    Removing stm32g0xx_hal_uart_ex.o(i.HAL_UARTEx_DisableStopMode), (34 bytes).
    Removing stm32g0xx_hal_uart_ex.o(i.HAL_UARTEx_EnableFifoMode), (62 bytes).
    Removing stm32g0xx_hal_uart_ex.o(i.HAL_UARTEx_EnableStopMode), (34 bytes).
    Removing stm32g0xx_hal_uart_ex.o(i.HAL_UARTEx_ReceiveToIdle), (364 bytes).
    Removing stm32g0xx_hal_uart_ex.o(i.HAL_UARTEx_ReceiveToIdle_DMA), (108 bytes).
    Removing stm32g0xx_hal_uart_ex.o(i.HAL_UARTEx_ReceiveToIdle_IT), (108 bytes).
    Removing stm32g0xx_hal_uart_ex.o(i.HAL_UARTEx_SetTxFifoThreshold), (70 bytes).
    Removing stm32g0xx_hal_uart_ex.o(i.HAL_UARTEx_StopModeWakeUpSourceConfig), (128 bytes).
    Removing stm32g0xx_hal_uart_ex.o(i.UARTEx_Wakeup_AddressConfig), (38 bytes).
    Removing system_stm32g0xx.o(.rev16_text), (4 bytes).
    Removing system_stm32g0xx.o(.revsh_text), (4 bytes).
    Removing system_stm32g0xx.o(i.SystemCoreClockUpdate), (160 bytes).
    Removing app.o(.rev16_text), (4 bytes).
    Removing app.o(.revsh_text), (4 bytes).
    Removing app.o(i.APP_ParamInit), (2 bytes).
    Removing app.o(i.APP_ParamLoad), (2 bytes).
    Removing bsp.o(.rev16_text), (4 bytes).
    Removing bsp.o(.revsh_text), (4 bytes).
    Removing bsp.o(i.delay_ms), (26 bytes).
    Removing bsp.o(i.delay_us), (56 bytes).
    Removing bsp.o(.data), (4 bytes).
    Removing adc.o(.rev16_text), (4 bytes).
    Removing adc.o(.revsh_text), (4 bytes).
    Removing adc.o(i.ADC_DeInit), (40 bytes).
    Removing adc.o(i.Get_ADC_Average), (40 bytes).
    Removing adc.o(i.Get_Adc), (48 bytes).
    Removing adc.o(i.Get_adc_result), (36 bytes).
    Removing adc.o(i.HAL_ADC_MspDeInit), (44 bytes).
    Removing gpio.o(.rev16_text), (4 bytes).
    Removing gpio.o(.revsh_text), (4 bytes).
    Removing gpio.o(i.BSP_LED_Off), (32 bytes).
    Removing gpio.o(i.BSP_LED_On), (32 bytes).
    Removing gpio.o(i.BSP_LED_Toggle), (28 bytes).
    Removing gpio.o(.constdata), (2 bytes).
    Removing gpio.o(.data), (4 bytes).
    Removing iwdg.o(.rev16_text), (4 bytes).
    Removing iwdg.o(.revsh_text), (4 bytes).
    Removing iwdg.o(i.IWDG_Feed), (16 bytes).
    Removing iwdg.o(i.MX_IWDG_Init), (52 bytes).
    Removing iwdg.o(.bss), (16 bytes).
    Removing iic.o(.rev16_text), (4 bytes).
    Removing iic.o(.revsh_text), (4 bytes).
    Removing iic.o(i.HAL_I2C_MspDeInit), (116 bytes).
    Removing iic.o(i.IIC_DeInit), (108 bytes).
    Removing iic.o(.bss), (40 bytes).
    Removing iic.o(.data), (1 bytes).
    Removing iic.o(.data), (1 bytes).
    Removing iic.o(.data), (1 bytes).
    Removing timer.o(.rev16_text), (4 bytes).
    Removing timer.o(.revsh_text), (4 bytes).
    Removing timer.o(i.HAL_TIM_Base_MspDeInit), (36 bytes).
    Removing timer.o(i.TIM_DeInit), (40 bytes).
    Removing timer.o(i.TMR0_Delay), (48 bytes).
    Removing timer.o(i.TMR0_ResetCount), (12 bytes).
    Removing usart.o(.rev16_text), (4 bytes).
    Removing usart.o(.revsh_text), (4 bytes).
    Removing usart.o(i.HAL_UART_MspDeInit), (88 bytes).
    Removing usart.o(i.UART_DeInit), (88 bytes).
    Removing usart.o(i.fputc), (28 bytes).
    Removing usart.o(i.usart2_tx), (24 bytes).
    Removing flash.o(.rev16_text), (4 bytes).
    Removing flash.o(.revsh_text), (4 bytes).
    Removing flash.o(.emb_text), (6 bytes).
    Removing flash.o(i.STMFLASH_Read), (30 bytes).
    Removing flash.o(i.STMFLASH_ReadWord), (4 bytes).
    Removing flash.o(i.STMFLASH_Write), (112 bytes).
    Removing flash.o(i.jump_application), (60 bytes).
    Removing flash.o(.bss), (256 bytes).
    Removing flash.o(.data), (1 bytes).
    Removing dmul.o(.text), (208 bytes).
    Removing dfltui.o(.text), (28 bytes).
    Removing d2f.o(.text), (56 bytes).
    Removing fepilogue.o(.text), (130 bytes).
    Removing depilogue.o(.text), (190 bytes).
    Removing stm32g0xx_hal_dma.o(i.__ARM_common_switch8), (26 bytes).
    Removing depilogue.o(i.__ARM_clz), (46 bytes).

596 unused section(s) (total 48522 bytes) removed from the image.

==============================================================================

Image Symbol Table

    Local Symbols

    Symbol Name                              Value     Ov Type        Size  Object(Section)

    ../Core/Src/main.c                       0x00000000   Number         0  main.o ABSOLUTE
    ../Core/Src/stm32g0xx_hal_msp.c          0x00000000   Number         0  stm32g0xx_hal_msp.o ABSOLUTE
    ../Core/Src/stm32g0xx_it.c               0x00000000   Number         0  stm32g0xx_it.o ABSOLUTE
    ../Core/Src/system_stm32g0xx.c           0x00000000   Number         0  system_stm32g0xx.o ABSOLUTE
    ../Drivers/STM32G0xx_HAL_Driver/Src/stm32g0xx_hal.c 0x00000000   Number         0  stm32g0xx_hal.o ABSOLUTE
    ../Drivers/STM32G0xx_HAL_Driver/Src/stm32g0xx_hal_adc.c 0x00000000   Number         0  stm32g0xx_hal_adc.o ABSOLUTE
    ../Drivers/STM32G0xx_HAL_Driver/Src/stm32g0xx_hal_adc_ex.c 0x00000000   Number         0  stm32g0xx_hal_adc_ex.o ABSOLUTE
    ../Drivers/STM32G0xx_HAL_Driver/Src/stm32g0xx_hal_cortex.c 0x00000000   Number         0  stm32g0xx_hal_cortex.o ABSOLUTE
    ../Drivers/STM32G0xx_HAL_Driver/Src/stm32g0xx_hal_dma.c 0x00000000   Number         0  stm32g0xx_hal_dma.o ABSOLUTE
    ../Drivers/STM32G0xx_HAL_Driver/Src/stm32g0xx_hal_dma_ex.c 0x00000000   Number         0  stm32g0xx_hal_dma_ex.o ABSOLUTE
    ../Drivers/STM32G0xx_HAL_Driver/Src/stm32g0xx_hal_exti.c 0x00000000   Number         0  stm32g0xx_hal_exti.o ABSOLUTE
    ../Drivers/STM32G0xx_HAL_Driver/Src/stm32g0xx_hal_flash.c 0x00000000   Number         0  stm32g0xx_hal_flash.o ABSOLUTE
    ../Drivers/STM32G0xx_HAL_Driver/Src/stm32g0xx_hal_flash_ex.c 0x00000000   Number         0  stm32g0xx_hal_flash_ex.o ABSOLUTE
    ../Drivers/STM32G0xx_HAL_Driver/Src/stm32g0xx_hal_gpio.c 0x00000000   Number         0  stm32g0xx_hal_gpio.o ABSOLUTE
    ../Drivers/STM32G0xx_HAL_Driver/Src/stm32g0xx_hal_i2c.c 0x00000000   Number         0  stm32g0xx_hal_i2c.o ABSOLUTE
    ../Drivers/STM32G0xx_HAL_Driver/Src/stm32g0xx_hal_i2c_ex.c 0x00000000   Number         0  stm32g0xx_hal_i2c_ex.o ABSOLUTE
    ../Drivers/STM32G0xx_HAL_Driver/Src/stm32g0xx_hal_iwdg.c 0x00000000   Number         0  stm32g0xx_hal_iwdg.o ABSOLUTE
    ../Drivers/STM32G0xx_HAL_Driver/Src/stm32g0xx_hal_pwr.c 0x00000000   Number         0  stm32g0xx_hal_pwr.o ABSOLUTE
    ../Drivers/STM32G0xx_HAL_Driver/Src/stm32g0xx_hal_pwr_ex.c 0x00000000   Number         0  stm32g0xx_hal_pwr_ex.o ABSOLUTE
    ../Drivers/STM32G0xx_HAL_Driver/Src/stm32g0xx_hal_rcc.c 0x00000000   Number         0  stm32g0xx_hal_rcc.o ABSOLUTE
    ../Drivers/STM32G0xx_HAL_Driver/Src/stm32g0xx_hal_rcc_ex.c 0x00000000   Number         0  stm32g0xx_hal_rcc_ex.o ABSOLUTE
    ../Drivers/STM32G0xx_HAL_Driver/Src/stm32g0xx_hal_tim.c 0x00000000   Number         0  stm32g0xx_hal_tim.o ABSOLUTE
    ../Drivers/STM32G0xx_HAL_Driver/Src/stm32g0xx_hal_tim_ex.c 0x00000000   Number         0  stm32g0xx_hal_tim_ex.o ABSOLUTE
    ../Drivers/STM32G0xx_HAL_Driver/Src/stm32g0xx_hal_uart.c 0x00000000   Number         0  stm32g0xx_hal_uart.o ABSOLUTE
    ../Drivers/STM32G0xx_HAL_Driver/Src/stm32g0xx_hal_uart_ex.c 0x00000000   Number         0  stm32g0xx_hal_uart_ex.o ABSOLUTE
    ../Drivers/STM32G0xx_HAL_Driver/Src/stm32g0xx_ll_adc.c 0x00000000   Number         0  stm32g0xx_ll_adc.o ABSOLUTE
    ../Drivers/STM32G0xx_HAL_Driver/Src/stm32g0xx_ll_dma.c 0x00000000   Number         0  stm32g0xx_ll_dma.o ABSOLUTE
    ../Drivers/STM32G0xx_HAL_Driver/Src/stm32g0xx_ll_rcc.c 0x00000000   Number         0  stm32g0xx_ll_rcc.o ABSOLUTE
    ../clib/microlib/division.c              0x00000000   Number         0  uldiv.o ABSOLUTE
    ../clib/microlib/division.c              0x00000000   Number         0  uidiv.o ABSOLUTE
    ../clib/microlib/init/entry.s            0x00000000   Number         0  entry7a.o ABSOLUTE
    ../clib/microlib/init/entry.s            0x00000000   Number         0  entry5.o ABSOLUTE
    ../clib/microlib/init/entry.s            0x00000000   Number         0  entry2.o ABSOLUTE
    ../clib/microlib/init/entry.s            0x00000000   Number         0  entry10a.o ABSOLUTE
    ../clib/microlib/init/entry.s            0x00000000   Number         0  entry9b.o ABSOLUTE
    ../clib/microlib/init/entry.s            0x00000000   Number         0  entry9a.o ABSOLUTE
    ../clib/microlib/init/entry.s            0x00000000   Number         0  entry.o ABSOLUTE
    ../clib/microlib/init/entry.s            0x00000000   Number         0  entry8b.o ABSOLUTE
    ../clib/microlib/init/entry.s            0x00000000   Number         0  entry8a.o ABSOLUTE
    ../clib/microlib/init/entry.s            0x00000000   Number         0  entry7b.o ABSOLUTE
    ../clib/microlib/init/entry.s            0x00000000   Number         0  entry10b.o ABSOLUTE
    ../clib/microlib/init/entry.s            0x00000000   Number         0  entry11a.o ABSOLUTE
    ../clib/microlib/init/entry.s            0x00000000   Number         0  entry11b.o ABSOLUTE
    ../clib/microlib/longlong.c              0x00000000   Number         0  llshl.o ABSOLUTE
    ../clib/microlib/longlong.c              0x00000000   Number         0  llushr.o ABSOLUTE
    ../clib/microlib/string/memset.c         0x00000000   Number         0  memseta.o ABSOLUTE
    ../clib/microlib/stubs.s                 0x00000000   Number         0  iusefp.o ABSOLUTE
    ../fplib/microlib/d2f.c                  0x00000000   Number         0  d2f.o ABSOLUTE
    ../fplib/microlib/fpepilogue.c           0x00000000   Number         0  depilogue.o ABSOLUTE
    ../fplib/microlib/fpepilogue.c           0x00000000   Number         0  fepilogue.o ABSOLUTE
    ../fplib/microlib/fpflt.c                0x00000000   Number         0  dfltui.o ABSOLUTE
    ../fplib/microlib/fpmul.c                0x00000000   Number         0  dmul.o ABSOLUTE
    ..\Core\Src\main.c                       0x00000000   Number         0  main.o ABSOLUTE
    ..\Core\Src\stm32g0xx_hal_msp.c          0x00000000   Number         0  stm32g0xx_hal_msp.o ABSOLUTE
    ..\Core\Src\stm32g0xx_it.c               0x00000000   Number         0  stm32g0xx_it.o ABSOLUTE
    ..\Core\Src\system_stm32g0xx.c           0x00000000   Number         0  system_stm32g0xx.o ABSOLUTE
    ..\Drivers\STM32G0xx_HAL_Driver\Src\stm32g0xx_hal.c 0x00000000   Number         0  stm32g0xx_hal.o ABSOLUTE
    ..\Drivers\STM32G0xx_HAL_Driver\Src\stm32g0xx_hal_adc.c 0x00000000   Number         0  stm32g0xx_hal_adc.o ABSOLUTE
    ..\Drivers\STM32G0xx_HAL_Driver\Src\stm32g0xx_hal_adc_ex.c 0x00000000   Number         0  stm32g0xx_hal_adc_ex.o ABSOLUTE
    ..\Drivers\STM32G0xx_HAL_Driver\Src\stm32g0xx_hal_cortex.c 0x00000000   Number         0  stm32g0xx_hal_cortex.o ABSOLUTE
    ..\Drivers\STM32G0xx_HAL_Driver\Src\stm32g0xx_hal_dma.c 0x00000000   Number         0  stm32g0xx_hal_dma.o ABSOLUTE
    ..\Drivers\STM32G0xx_HAL_Driver\Src\stm32g0xx_hal_dma_ex.c 0x00000000   Number         0  stm32g0xx_hal_dma_ex.o ABSOLUTE
    ..\Drivers\STM32G0xx_HAL_Driver\Src\stm32g0xx_hal_exti.c 0x00000000   Number         0  stm32g0xx_hal_exti.o ABSOLUTE
    ..\Drivers\STM32G0xx_HAL_Driver\Src\stm32g0xx_hal_flash.c 0x00000000   Number         0  stm32g0xx_hal_flash.o ABSOLUTE
    ..\Drivers\STM32G0xx_HAL_Driver\Src\stm32g0xx_hal_flash_ex.c 0x00000000   Number         0  stm32g0xx_hal_flash_ex.o ABSOLUTE
    ..\Drivers\STM32G0xx_HAL_Driver\Src\stm32g0xx_hal_gpio.c 0x00000000   Number         0  stm32g0xx_hal_gpio.o ABSOLUTE
    ..\Drivers\STM32G0xx_HAL_Driver\Src\stm32g0xx_hal_i2c.c 0x00000000   Number         0  stm32g0xx_hal_i2c.o ABSOLUTE
    ..\Drivers\STM32G0xx_HAL_Driver\Src\stm32g0xx_hal_i2c_ex.c 0x00000000   Number         0  stm32g0xx_hal_i2c_ex.o ABSOLUTE
    ..\Drivers\STM32G0xx_HAL_Driver\Src\stm32g0xx_hal_iwdg.c 0x00000000   Number         0  stm32g0xx_hal_iwdg.o ABSOLUTE
    ..\Drivers\STM32G0xx_HAL_Driver\Src\stm32g0xx_hal_pwr.c 0x00000000   Number         0  stm32g0xx_hal_pwr.o ABSOLUTE
    ..\Drivers\STM32G0xx_HAL_Driver\Src\stm32g0xx_hal_pwr_ex.c 0x00000000   Number         0  stm32g0xx_hal_pwr_ex.o ABSOLUTE
    ..\Drivers\STM32G0xx_HAL_Driver\Src\stm32g0xx_hal_rcc.c 0x00000000   Number         0  stm32g0xx_hal_rcc.o ABSOLUTE
    ..\Drivers\STM32G0xx_HAL_Driver\Src\stm32g0xx_hal_rcc_ex.c 0x00000000   Number         0  stm32g0xx_hal_rcc_ex.o ABSOLUTE
    ..\Drivers\STM32G0xx_HAL_Driver\Src\stm32g0xx_hal_tim.c 0x00000000   Number         0  stm32g0xx_hal_tim.o ABSOLUTE
    ..\Drivers\STM32G0xx_HAL_Driver\Src\stm32g0xx_hal_tim_ex.c 0x00000000   Number         0  stm32g0xx_hal_tim_ex.o ABSOLUTE
    ..\Drivers\STM32G0xx_HAL_Driver\Src\stm32g0xx_hal_uart.c 0x00000000   Number         0  stm32g0xx_hal_uart.o ABSOLUTE
    ..\Drivers\STM32G0xx_HAL_Driver\Src\stm32g0xx_hal_uart_ex.c 0x00000000   Number         0  stm32g0xx_hal_uart_ex.o ABSOLUTE
    ..\Src\App\app.c                         0x00000000   Number         0  app.o ABSOLUTE
    ..\Src\Bsp\adc.c                         0x00000000   Number         0  adc.o ABSOLUTE
    ..\Src\Bsp\bsp.c                         0x00000000   Number         0  bsp.o ABSOLUTE
    ..\Src\Bsp\flash.c                       0x00000000   Number         0  flash.o ABSOLUTE
    ..\Src\Bsp\gpio.c                        0x00000000   Number         0  gpio.o ABSOLUTE
    ..\Src\Bsp\iic.c                         0x00000000   Number         0  iic.o ABSOLUTE
    ..\Src\Bsp\iwdg.c                        0x00000000   Number         0  iwdg.o ABSOLUTE
    ..\Src\Bsp\timer.c                       0x00000000   Number         0  timer.o ABSOLUTE
    ..\Src\Bsp\usart.c                       0x00000000   Number         0  usart.o ABSOLUTE
    ..\\Src\\App\\app.c                      0x00000000   Number         0  app.o ABSOLUTE
    ..\\Src\\Bsp\\adc.c                      0x00000000   Number         0  adc.o ABSOLUTE
    ..\\Src\\Bsp\\bsp.c                      0x00000000   Number         0  bsp.o ABSOLUTE
    ..\\Src\\Bsp\\flash.c                    0x00000000   Number         0  flash.o ABSOLUTE
    ..\\Src\\Bsp\\gpio.c                     0x00000000   Number         0  gpio.o ABSOLUTE
    ..\\Src\\Bsp\\iic.c                      0x00000000   Number         0  iic.o ABSOLUTE
    ..\\Src\\Bsp\\iwdg.c                     0x00000000   Number         0  iwdg.o ABSOLUTE
    ..\\Src\\Bsp\\timer.c                    0x00000000   Number         0  timer.o ABSOLUTE
    ..\\Src\\Bsp\\usart.c                    0x00000000   Number         0  usart.o ABSOLUTE
    dc.s                                     0x00000000   Number         0  dc.o ABSOLUTE
    handlers.s                               0x00000000   Number         0  handlers.o ABSOLUTE
    init.s                                   0x00000000   Number         0  init.o ABSOLUTE
    startup_stm32g031xx.s                    0x00000000   Number         0  startup_stm32g031xx.o ABSOLUTE
    RESET                                    0x08000000   Section      192  startup_stm32g031xx.o(RESET)
    .ARM.Collect$$$$00000000                 0x080000c0   Section        0  entry.o(.ARM.Collect$$$$00000000)
    .ARM.Collect$$$$00000001                 0x080000c0   Section        4  entry2.o(.ARM.Collect$$$$00000001)
    .ARM.Collect$$$$00000004                 0x080000c4   Section        4  entry5.o(.ARM.Collect$$$$00000004)
    .ARM.Collect$$$$00000008                 0x080000c8   Section        0  entry7b.o(.ARM.Collect$$$$00000008)
    .ARM.Collect$$$$0000000A                 0x080000c8   Section        0  entry8b.o(.ARM.Collect$$$$0000000A)
    .ARM.Collect$$$$0000000B                 0x080000c8   Section        8  entry9a.o(.ARM.Collect$$$$0000000B)
    .ARM.Collect$$$$0000000D                 0x080000d0   Section        0  entry10a.o(.ARM.Collect$$$$0000000D)
    .ARM.Collect$$$$0000000F                 0x080000d0   Section        0  entry11a.o(.ARM.Collect$$$$0000000F)
    .ARM.Collect$$$$00002712                 0x080000d0   Section        4  entry2.o(.ARM.Collect$$$$00002712)
    __lit__00000000                          0x080000d0   Data           4  entry2.o(.ARM.Collect$$$$00002712)
    .text                                    0x080000d4   Section       28  startup_stm32g031xx.o(.text)
    .text                                    0x080000f0   Section        0  uidiv.o(.text)
    .text                                    0x0800011c   Section        0  uldiv.o(.text)
    .text                                    0x0800017c   Section        0  memseta.o(.text)
    .text                                    0x080001a0   Section        0  llshl.o(.text)
    .text                                    0x080001c0   Section        0  llushr.o(.text)
    .text                                    0x080001e4   Section       36  init.o(.text)
    i.APP_Init                               0x08000208   Section        0  app.o(i.APP_Init)
    i.APP_PollingTask                        0x08000210   Section        0  app.o(i.APP_PollingTask)
    i.BSP_Init                               0x08000212   Section        0  bsp.o(i.BSP_Init)
    i.EXTI4_15_IRQHandler                    0x0800023a   Section        0  gpio.o(i.EXTI4_15_IRQHandler)
    i.Error_Handler                          0x08000244   Section        0  bsp.o(i.Error_Handler)
    i.HAL_ADC_Init                           0x08000248   Section        0  stm32g0xx_hal_adc.o(i.HAL_ADC_Init)
    i.HAL_ADC_MspInit                        0x080004b0   Section        0  adc.o(i.HAL_ADC_MspInit)
    i.HAL_DMA_Abort                          0x0800050c   Section        0  stm32g0xx_hal_dma.o(i.HAL_DMA_Abort)
    i.HAL_DMA_Abort_IT                       0x08000584   Section        0  stm32g0xx_hal_dma.o(i.HAL_DMA_Abort_IT)
    i.HAL_DMA_GetState                       0x08000600   Section        0  stm32g0xx_hal_dma.o(i.HAL_DMA_GetState)
    i.HAL_GPIO_EXTI_Falling_Callback         0x08000606   Section        0  stm32g0xx_hal_gpio.o(i.HAL_GPIO_EXTI_Falling_Callback)
    i.HAL_GPIO_EXTI_IRQHandler               0x08000608   Section        0  stm32g0xx_hal_gpio.o(i.HAL_GPIO_EXTI_IRQHandler)
    i.HAL_GPIO_EXTI_Rising_Callback          0x08000630   Section        0  stm32g0xx_hal_gpio.o(i.HAL_GPIO_EXTI_Rising_Callback)
    i.HAL_GPIO_Init                          0x08000634   Section        0  stm32g0xx_hal_gpio.o(i.HAL_GPIO_Init)
    i.HAL_GPIO_WritePin                      0x08000774   Section        0  stm32g0xx_hal_gpio.o(i.HAL_GPIO_WritePin)
    i.HAL_GetTick                            0x08000780   Section        0  stm32g0xx_hal.o(i.HAL_GetTick)
    i.HAL_I2CEx_ConfigAnalogFilter           0x0800078c   Section        0  stm32g0xx_hal_i2c_ex.o(i.HAL_I2CEx_ConfigAnalogFilter)
    i.HAL_I2CEx_ConfigDigitalFilter          0x080007da   Section        0  stm32g0xx_hal_i2c_ex.o(i.HAL_I2CEx_ConfigDigitalFilter)
    i.HAL_I2C_AbortCpltCallback              0x08000826   Section        0  stm32g0xx_hal_i2c.o(i.HAL_I2C_AbortCpltCallback)
    i.HAL_I2C_AddrCallback                   0x08000828   Section        0  stm32g0xx_hal_i2c.o(i.HAL_I2C_AddrCallback)
    i.HAL_I2C_ER_IRQHandler                  0x0800082a   Section        0  stm32g0xx_hal_i2c.o(i.HAL_I2C_ER_IRQHandler)
    i.HAL_I2C_EV_IRQHandler                  0x08000888   Section        0  stm32g0xx_hal_i2c.o(i.HAL_I2C_EV_IRQHandler)
    i.HAL_I2C_ErrorCallback                  0x08000898   Section        0  stm32g0xx_hal_i2c.o(i.HAL_I2C_ErrorCallback)
    i.HAL_I2C_Init                           0x0800089c   Section        0  stm32g0xx_hal_i2c.o(i.HAL_I2C_Init)
    i.HAL_I2C_ListenCpltCallback             0x08000958   Section        0  stm32g0xx_hal_i2c.o(i.HAL_I2C_ListenCpltCallback)
    i.HAL_I2C_MspInit                        0x0800095c   Section        0  iic.o(i.HAL_I2C_MspInit)
    i.HAL_I2C_SlaveRxCpltCallback            0x08000a20   Section        0  stm32g0xx_hal_i2c.o(i.HAL_I2C_SlaveRxCpltCallback)
    i.HAL_I2C_SlaveTxCpltCallback            0x08000a22   Section        0  stm32g0xx_hal_i2c.o(i.HAL_I2C_SlaveTxCpltCallback)
    i.HAL_IncTick                            0x08000a24   Section        0  stm32g0xx_hal.o(i.HAL_IncTick)
    i.HAL_Init                               0x08000a34   Section        0  stm32g0xx_hal.o(i.HAL_Init)
    i.HAL_InitTick                           0x08000a5c   Section        0  stm32g0xx_hal.o(i.HAL_InitTick)
    i.HAL_MspInit                            0x08000aac   Section        0  stm32g0xx_hal_msp.o(i.HAL_MspInit)
    i.HAL_NVIC_EnableIRQ                     0x08000ad8   Section        0  stm32g0xx_hal_cortex.o(i.HAL_NVIC_EnableIRQ)
    i.HAL_NVIC_SetPriority                   0x08000af0   Section        0  stm32g0xx_hal_cortex.o(i.HAL_NVIC_SetPriority)
    i.HAL_PWREx_ControlVoltageScaling        0x08000af8   Section        0  stm32g0xx_hal_pwr_ex.o(i.HAL_PWREx_ControlVoltageScaling)
    i.HAL_RCCEx_PeriphCLKConfig              0x08000b44   Section        0  stm32g0xx_hal_rcc_ex.o(i.HAL_RCCEx_PeriphCLKConfig)
    i.HAL_RCC_ClockConfig                    0x08000d14   Section        0  stm32g0xx_hal_rcc.o(i.HAL_RCC_ClockConfig)
    i.HAL_RCC_GetHCLKFreq                    0x08000e88   Section        0  stm32g0xx_hal_rcc.o(i.HAL_RCC_GetHCLKFreq)
    i.HAL_RCC_GetPCLK1Freq                   0x08000e94   Section        0  stm32g0xx_hal_rcc.o(i.HAL_RCC_GetPCLK1Freq)
    i.HAL_RCC_GetSysClockFreq                0x08000ebc   Section        0  stm32g0xx_hal_rcc.o(i.HAL_RCC_GetSysClockFreq)
    i.HAL_RCC_OscConfig                      0x08000f58   Section        0  stm32g0xx_hal_rcc.o(i.HAL_RCC_OscConfig)
    i.HAL_SYSTICK_Config                     0x08001394   Section        0  stm32g0xx_hal_cortex.o(i.HAL_SYSTICK_Config)
    i.HAL_TIMEx_Break2Callback               0x080013c4   Section        0  stm32g0xx_hal_tim_ex.o(i.HAL_TIMEx_Break2Callback)
    i.HAL_TIMEx_BreakCallback                0x080013c6   Section        0  stm32g0xx_hal_tim_ex.o(i.HAL_TIMEx_BreakCallback)
    i.HAL_TIMEx_CommutCallback               0x080013c8   Section        0  stm32g0xx_hal_tim_ex.o(i.HAL_TIMEx_CommutCallback)
    i.HAL_TIMEx_MasterConfigSynchronization  0x080013cc   Section        0  stm32g0xx_hal_tim_ex.o(i.HAL_TIMEx_MasterConfigSynchronization)
    i.HAL_TIM_Base_Init                      0x08001434   Section        0  stm32g0xx_hal_tim.o(i.HAL_TIM_Base_Init)
    i.HAL_TIM_Base_MspInit                   0x08001484   Section        0  timer.o(i.HAL_TIM_Base_MspInit)
    i.HAL_TIM_Base_Start_IT                  0x080014b8   Section        0  stm32g0xx_hal_tim.o(i.HAL_TIM_Base_Start_IT)
    i.HAL_TIM_ConfigClockSource              0x08001518   Section        0  stm32g0xx_hal_tim.o(i.HAL_TIM_ConfigClockSource)
    i.HAL_TIM_IC_CaptureCallback             0x080015fc   Section        0  stm32g0xx_hal_tim.o(i.HAL_TIM_IC_CaptureCallback)
    i.HAL_TIM_IRQHandler                     0x08001600   Section        0  stm32g0xx_hal_tim.o(i.HAL_TIM_IRQHandler)
    i.HAL_TIM_OC_DelayElapsedCallback        0x0800178c   Section        0  stm32g0xx_hal_tim.o(i.HAL_TIM_OC_DelayElapsedCallback)
    i.HAL_TIM_PWM_PulseFinishedCallback      0x0800178e   Section        0  stm32g0xx_hal_tim.o(i.HAL_TIM_PWM_PulseFinishedCallback)
    i.HAL_TIM_PeriodElapsedCallback          0x08001790   Section        0  stm32g0xx_hal_tim.o(i.HAL_TIM_PeriodElapsedCallback)
    i.HAL_TIM_TriggerCallback                0x08001792   Section        0  stm32g0xx_hal_tim.o(i.HAL_TIM_TriggerCallback)
    i.HAL_UARTEx_RxEventCallback             0x08001794   Section        0  stm32g0xx_hal_uart.o(i.HAL_UARTEx_RxEventCallback)
    i.HAL_UARTEx_RxFifoFullCallback          0x08001796   Section        0  stm32g0xx_hal_uart_ex.o(i.HAL_UARTEx_RxFifoFullCallback)
    i.HAL_UARTEx_SetRxFifoThreshold          0x08001798   Section        0  stm32g0xx_hal_uart_ex.o(i.HAL_UARTEx_SetRxFifoThreshold)
    i.HAL_UARTEx_TxFifoEmptyCallback         0x080017e0   Section        0  stm32g0xx_hal_uart_ex.o(i.HAL_UARTEx_TxFifoEmptyCallback)
    i.HAL_UARTEx_WakeupCallback              0x080017e2   Section        0  stm32g0xx_hal_uart_ex.o(i.HAL_UARTEx_WakeupCallback)
    i.HAL_UART_ErrorCallback                 0x080017e4   Section        0  stm32g0xx_hal_uart.o(i.HAL_UART_ErrorCallback)
    i.HAL_UART_IRQHandler                    0x080017e8   Section        0  stm32g0xx_hal_uart.o(i.HAL_UART_IRQHandler)
    i.HAL_UART_Init                          0x08001a54   Section        0  stm32g0xx_hal_uart.o(i.HAL_UART_Init)
    i.HAL_UART_MspInit                       0x08001ac8   Section        0  usart.o(i.HAL_UART_MspInit)
    i.HAL_UART_Receive_IT                    0x08001b88   Section        0  stm32g0xx_hal_uart.o(i.HAL_UART_Receive_IT)
    i.HAL_UART_RxCpltCallback                0x08001bd8   Section        0  usart.o(i.HAL_UART_RxCpltCallback)
    i.HAL_UART_Transmit                      0x08001c08   Section        0  stm32g0xx_hal_uart.o(i.HAL_UART_Transmit)
    i.HAL_UART_TxCpltCallback                0x08001cf6   Section        0  stm32g0xx_hal_uart.o(i.HAL_UART_TxCpltCallback)
    i.HardFault_Handler                      0x08001cf8   Section        0  stm32g0xx_it.o(i.HardFault_Handler)
    i.I2C1_EV_IRQHandler                     0x08001cfc   Section        0  iic.o(i.I2C1_EV_IRQHandler)
    i.I2C1_IRQHandler                        0x08001e08   Section        0  iic.o(i.I2C1_IRQHandler)
    i.I2C2_IRQHandler                        0x08001e30   Section        0  iic.o(i.I2C2_IRQHandler)
    i.I2C_DMAAbort                           0x08001e54   Section        0  stm32g0xx_hal_i2c.o(i.I2C_DMAAbort)
    I2C_DMAAbort                             0x08001e55   Thumb Code    28  stm32g0xx_hal_i2c.o(i.I2C_DMAAbort)
    i.I2C_Disable_IRQ                        0x08001e70   Section        0  stm32g0xx_hal_i2c.o(i.I2C_Disable_IRQ)
    I2C_Disable_IRQ                          0x08001e71   Thumb Code    86  stm32g0xx_hal_i2c.o(i.I2C_Disable_IRQ)
    i.I2C_Flush_TXDR                         0x08001ec6   Section        0  stm32g0xx_hal_i2c.o(i.I2C_Flush_TXDR)
    I2C_Flush_TXDR                           0x08001ec7   Thumb Code    34  stm32g0xx_hal_i2c.o(i.I2C_Flush_TXDR)
    i.I2C_ITAddrCplt                         0x08001ee8   Section        0  stm32g0xx_hal_i2c.o(i.I2C_ITAddrCplt)
    I2C_ITAddrCplt                           0x08001ee9   Thumb Code   158  stm32g0xx_hal_i2c.o(i.I2C_ITAddrCplt)
    i.I2C_ITError                            0x08001f88   Section        0  stm32g0xx_hal_i2c.o(i.I2C_ITError)
    I2C_ITError                              0x08001f89   Thumb Code   236  stm32g0xx_hal_i2c.o(i.I2C_ITError)
    i.I2C_ITListenCplt                       0x08002084   Section        0  stm32g0xx_hal_i2c.o(i.I2C_ITListenCplt)
    I2C_ITListenCplt                         0x08002085   Thumb Code    92  stm32g0xx_hal_i2c.o(i.I2C_ITListenCplt)
    i.I2C_ITSlaveCplt                        0x080020e8   Section        0  stm32g0xx_hal_i2c.o(i.I2C_ITSlaveCplt)
    I2C_ITSlaveCplt                          0x080020e9   Thumb Code   314  stm32g0xx_hal_i2c.o(i.I2C_ITSlaveCplt)
    i.I2C_ITSlaveSeqCplt                     0x08002230   Section        0  stm32g0xx_hal_i2c.o(i.I2C_ITSlaveSeqCplt)
    I2C_ITSlaveSeqCplt                       0x08002231   Thumb Code   110  stm32g0xx_hal_i2c.o(i.I2C_ITSlaveSeqCplt)
    i.I2C_Slave_ISR_IT                       0x080022a0   Section        0  stm32g0xx_hal_i2c.o(i.I2C_Slave_ISR_IT)
    I2C_Slave_ISR_IT                         0x080022a1   Thumb Code   306  stm32g0xx_hal_i2c.o(i.I2C_Slave_ISR_IT)
    i.I2C_TreatErrorCallback                 0x080023dc   Section        0  stm32g0xx_hal_i2c.o(i.I2C_TreatErrorCallback)
    I2C_TreatErrorCallback                   0x080023dd   Thumb Code    38  stm32g0xx_hal_i2c.o(i.I2C_TreatErrorCallback)
    i.LL_ADC_IsEnabled                       0x08002402   Section        0  stm32g0xx_hal_adc.o(i.LL_ADC_IsEnabled)
    LL_ADC_IsEnabled                         0x08002403   Thumb Code     8  stm32g0xx_hal_adc.o(i.LL_ADC_IsEnabled)
    i.LL_ADC_REG_IsConversionOngoing         0x0800240a   Section        0  stm32g0xx_hal_adc.o(i.LL_ADC_REG_IsConversionOngoing)
    LL_ADC_REG_IsConversionOngoing           0x0800240b   Thumb Code     8  stm32g0xx_hal_adc.o(i.LL_ADC_REG_IsConversionOngoing)
    i.LL_ADC_SetSamplingTimeCommonChannels   0x08002412   Section        0  stm32g0xx_hal_adc.o(i.LL_ADC_SetSamplingTimeCommonChannels)
    LL_ADC_SetSamplingTimeCommonChannels     0x08002413   Thumb Code    22  stm32g0xx_hal_adc.o(i.LL_ADC_SetSamplingTimeCommonChannels)
    i.MX_ADC1_Init                           0x08002428   Section        0  adc.o(i.MX_ADC1_Init)
    i.MX_GPIO_Init                           0x08002474   Section        0  gpio.o(i.MX_GPIO_Init)
    i.MX_I2C1_Init                           0x08002500   Section        0  iic.o(i.MX_I2C1_Init)
    i.MX_I2C2_Init                           0x08002588   Section        0  iic.o(i.MX_I2C2_Init)
    i.MX_TIM3_Init                           0x080025e0   Section        0  timer.o(i.MX_TIM3_Init)
    i.MX_USART1_UART_Init                    0x08002658   Section        0  usart.o(i.MX_USART1_UART_Init)
    i.MX_USART2_UART_Init                    0x080026ac   Section        0  usart.o(i.MX_USART2_UART_Init)
    i.NMI_Handler                            0x080026e8   Section        0  stm32g0xx_it.o(i.NMI_Handler)
    i.PendSV_Handler                         0x080026ea   Section        0  stm32g0xx_it.o(i.PendSV_Handler)
    i.SVC_Handler                            0x080026ec   Section        0  stm32g0xx_it.o(i.SVC_Handler)
    i.SysTick_Handler                        0x080026ee   Section        0  stm32g0xx_it.o(i.SysTick_Handler)
    i.SystemClock_Config                     0x080026f8   Section        0  bsp.o(i.SystemClock_Config)
    i.SystemInit                             0x0800277c   Section        0  system_stm32g0xx.o(i.SystemInit)
    i.TIM3_IRQHandler                        0x0800278c   Section        0  timer.o(i.TIM3_IRQHandler)
    i.TIM_Base_SetConfig                     0x080027a8   Section        0  stm32g0xx_hal_tim.o(i.TIM_Base_SetConfig)
    i.TIM_ETR_SetConfig                      0x0800282c   Section        0  stm32g0xx_hal_tim.o(i.TIM_ETR_SetConfig)
    i.TIM_ITRx_SetConfig                     0x08002844   Section        0  stm32g0xx_hal_tim.o(i.TIM_ITRx_SetConfig)
    TIM_ITRx_SetConfig                       0x08002845   Thumb Code    16  stm32g0xx_hal_tim.o(i.TIM_ITRx_SetConfig)
    i.TIM_TI1_ConfigInputStage               0x08002858   Section        0  stm32g0xx_hal_tim.o(i.TIM_TI1_ConfigInputStage)
    TIM_TI1_ConfigInputStage                 0x08002859   Thumb Code    34  stm32g0xx_hal_tim.o(i.TIM_TI1_ConfigInputStage)
    i.TIM_TI2_ConfigInputStage               0x0800287a   Section        0  stm32g0xx_hal_tim.o(i.TIM_TI2_ConfigInputStage)
    TIM_TI2_ConfigInputStage                 0x0800287b   Thumb Code    38  stm32g0xx_hal_tim.o(i.TIM_TI2_ConfigInputStage)
    i.UARTEx_SetNbDataToProcess              0x080028a0   Section        0  stm32g0xx_hal_uart_ex.o(i.UARTEx_SetNbDataToProcess)
    UARTEx_SetNbDataToProcess                0x080028a1   Thumb Code    82  stm32g0xx_hal_uart_ex.o(i.UARTEx_SetNbDataToProcess)
    i.UART_AdvFeatureConfig                  0x08002904   Section        0  stm32g0xx_hal_uart.o(i.UART_AdvFeatureConfig)
    i.UART_CheckIdleState                    0x080029d0   Section        0  stm32g0xx_hal_uart.o(i.UART_CheckIdleState)
    i.UART_DMAAbortOnError                   0x08002a38   Section        0  stm32g0xx_hal_uart.o(i.UART_DMAAbortOnError)
    UART_DMAAbortOnError                     0x08002a39   Thumb Code    20  stm32g0xx_hal_uart.o(i.UART_DMAAbortOnError)
    i.UART_EndRxTransfer                     0x08002a4c   Section        0  stm32g0xx_hal_uart.o(i.UART_EndRxTransfer)
    UART_EndRxTransfer                       0x08002a4d   Thumb Code    52  stm32g0xx_hal_uart.o(i.UART_EndRxTransfer)
    i.UART_EndTransmit_IT                    0x08002a84   Section        0  stm32g0xx_hal_uart.o(i.UART_EndTransmit_IT)
    UART_EndTransmit_IT                      0x08002a85   Thumb Code    28  stm32g0xx_hal_uart.o(i.UART_EndTransmit_IT)
    i.UART_RxISR_16BIT                       0x08002aa0   Section        0  stm32g0xx_hal_uart.o(i.UART_RxISR_16BIT)
    UART_RxISR_16BIT                         0x08002aa1   Thumb Code   126  stm32g0xx_hal_uart.o(i.UART_RxISR_16BIT)
    i.UART_RxISR_16BIT_FIFOEN                0x08002b20   Section        0  stm32g0xx_hal_uart.o(i.UART_RxISR_16BIT_FIFOEN)
    UART_RxISR_16BIT_FIFOEN                  0x08002b21   Thumb Code   292  stm32g0xx_hal_uart.o(i.UART_RxISR_16BIT_FIFOEN)
    i.UART_RxISR_8BIT                        0x08002c4c   Section        0  stm32g0xx_hal_uart.o(i.UART_RxISR_8BIT)
    UART_RxISR_8BIT                          0x08002c4d   Thumb Code   126  stm32g0xx_hal_uart.o(i.UART_RxISR_8BIT)
    i.UART_RxISR_8BIT_FIFOEN                 0x08002ccc   Section        0  stm32g0xx_hal_uart.o(i.UART_RxISR_8BIT_FIFOEN)
    UART_RxISR_8BIT_FIFOEN                   0x08002ccd   Thumb Code   292  stm32g0xx_hal_uart.o(i.UART_RxISR_8BIT_FIFOEN)
    i.UART_SetConfig                         0x08002df8   Section        0  stm32g0xx_hal_uart.o(i.UART_SetConfig)
    i.UART_Start_Receive_IT                  0x08003054   Section        0  stm32g0xx_hal_uart.o(i.UART_Start_Receive_IT)
    i.UART_WaitOnFlagUntilTimeout            0x08003144   Section        0  stm32g0xx_hal_uart.o(i.UART_WaitOnFlagUntilTimeout)
    i.USART1_IRQHandler                      0x080031e8   Section        0  usart.o(i.USART1_IRQHandler)
    i.USART2_IRQHandler                      0x080031f8   Section        0  usart.o(i.USART2_IRQHandler)
    i.__NVIC_SetPriority                     0x08003208   Section        0  stm32g0xx_hal_cortex.o(i.__NVIC_SetPriority)
    __NVIC_SetPriority                       0x08003209   Thumb Code    60  stm32g0xx_hal_cortex.o(i.__NVIC_SetPriority)
    i.__scatterload_copy                     0x0800324c   Section       14  handlers.o(i.__scatterload_copy)
    i.__scatterload_null                     0x0800325a   Section        2  handlers.o(i.__scatterload_null)
    i.__scatterload_zeroinit                 0x0800325c   Section       14  handlers.o(i.__scatterload_zeroinit)
    i.main                                   0x0800326a   Section        0  main.o(i.main)
    .constdata                               0x08003274   Section       24  stm32g0xx_hal_uart.o(.constdata)
    .constdata                               0x0800328c   Section       64  system_stm32g0xx.o(.constdata)
    .constdata                               0x080032cc   Section       32  system_stm32g0xx.o(.constdata)
    .data                                    0x20000000   Section       12  stm32g0xx_hal.o(.data)
    .data                                    0x2000000c   Section        4  system_stm32g0xx.o(.data)
    .data                                    0x20000010   Section       12  iic.o(.data)
    .data                                    0x2000001c   Section        4  timer.o(.data)
    .data                                    0x20000020   Section        1  usart.o(.data)
    .bss                                     0x20000024   Section      100  adc.o(.bss)
    .bss                                     0x20000088   Section      162  iic.o(.bss)
    .bss                                     0x2000012c   Section       76  timer.o(.bss)
    .bss                                     0x20000178   Section      288  usart.o(.bss)
    STACK                                    0x20000298   Section     1024  startup_stm32g031xx.o(STACK)

    Global Symbols

    Symbol Name                              Value     Ov Type        Size  Object(Section)

    BuildAttributes$$THM_ISAv3M$S$PE$A:L22$X:L11$S22$IEEE1$IW$USESV6$~STKCKD$USESV7$~SHL$OTIME$ROPI$EBA8$MICROLIB$REQ8$PRES8$EABIv2 0x00000000   Number         0  anon$$obj.o ABSOLUTE
    __ARM_use_no_argv                        0x00000000   Number         0  main.o ABSOLUTE
    __cpp_initialize__aeabi_                  - Undefined Weak Reference
    __cxa_finalize                            - Undefined Weak Reference
    __decompress                              - Undefined Weak Reference
    _clock_init                               - Undefined Weak Reference
    _microlib_exit                            - Undefined Weak Reference
    __Vectors_Size                           0x000000c0   Number         0  startup_stm32g031xx.o ABSOLUTE
    __Vectors                                0x08000000   Data           4  startup_stm32g031xx.o(RESET)
    __Vectors_End                            0x080000c0   Data           0  startup_stm32g031xx.o(RESET)
    __main                                   0x080000c1   Thumb Code     0  entry.o(.ARM.Collect$$$$00000000)
    _main_stk                                0x080000c1   Thumb Code     0  entry2.o(.ARM.Collect$$$$00000001)
    _main_scatterload                        0x080000c5   Thumb Code     0  entry5.o(.ARM.Collect$$$$00000004)
    __main_after_scatterload                 0x080000c9   Thumb Code     0  entry5.o(.ARM.Collect$$$$00000004)
    _main_clock                              0x080000c9   Thumb Code     0  entry7b.o(.ARM.Collect$$$$00000008)
    _main_cpp_init                           0x080000c9   Thumb Code     0  entry8b.o(.ARM.Collect$$$$0000000A)
    _main_init                               0x080000c9   Thumb Code     0  entry9a.o(.ARM.Collect$$$$0000000B)
    __rt_final_cpp                           0x080000d1   Thumb Code     0  entry10a.o(.ARM.Collect$$$$0000000D)
    __rt_final_exit                          0x080000d1   Thumb Code     0  entry11a.o(.ARM.Collect$$$$0000000F)
    Reset_Handler                            0x080000d5   Thumb Code     8  startup_stm32g031xx.o(.text)
    ADC1_IRQHandler                          0x080000e7   Thumb Code     0  startup_stm32g031xx.o(.text)
    DMA1_Ch4_5_DMAMUX1_OVR_IRQHandler        0x080000e7   Thumb Code     0  startup_stm32g031xx.o(.text)
    DMA1_Channel1_IRQHandler                 0x080000e7   Thumb Code     0  startup_stm32g031xx.o(.text)
    DMA1_Channel2_3_IRQHandler               0x080000e7   Thumb Code     0  startup_stm32g031xx.o(.text)
    EXTI0_1_IRQHandler                       0x080000e7   Thumb Code     0  startup_stm32g031xx.o(.text)
    EXTI2_3_IRQHandler                       0x080000e7   Thumb Code     0  startup_stm32g031xx.o(.text)
    FLASH_IRQHandler                         0x080000e7   Thumb Code     0  startup_stm32g031xx.o(.text)
    LPTIM1_IRQHandler                        0x080000e7   Thumb Code     0  startup_stm32g031xx.o(.text)
    LPTIM2_IRQHandler                        0x080000e7   Thumb Code     0  startup_stm32g031xx.o(.text)
    LPUART1_IRQHandler                       0x080000e7   Thumb Code     0  startup_stm32g031xx.o(.text)
    PVD_IRQHandler                           0x080000e7   Thumb Code     0  startup_stm32g031xx.o(.text)
    RCC_IRQHandler                           0x080000e7   Thumb Code     0  startup_stm32g031xx.o(.text)
    RTC_TAMP_IRQHandler                      0x080000e7   Thumb Code     0  startup_stm32g031xx.o(.text)
    SPI1_IRQHandler                          0x080000e7   Thumb Code     0  startup_stm32g031xx.o(.text)
    SPI2_IRQHandler                          0x080000e7   Thumb Code     0  startup_stm32g031xx.o(.text)
    TIM14_IRQHandler                         0x080000e7   Thumb Code     0  startup_stm32g031xx.o(.text)
    TIM16_IRQHandler                         0x080000e7   Thumb Code     0  startup_stm32g031xx.o(.text)
    TIM17_IRQHandler                         0x080000e7   Thumb Code     0  startup_stm32g031xx.o(.text)
    TIM1_BRK_UP_TRG_COM_IRQHandler           0x080000e7   Thumb Code     0  startup_stm32g031xx.o(.text)
    TIM1_CC_IRQHandler                       0x080000e7   Thumb Code     0  startup_stm32g031xx.o(.text)
    TIM2_IRQHandler                          0x080000e7   Thumb Code     0  startup_stm32g031xx.o(.text)
    WWDG_IRQHandler                          0x080000e7   Thumb Code     0  startup_stm32g031xx.o(.text)
    __aeabi_uidiv                            0x080000f1   Thumb Code     0  uidiv.o(.text)
    __aeabi_uidivmod                         0x080000f1   Thumb Code    44  uidiv.o(.text)
    __aeabi_uldivmod                         0x0800011d   Thumb Code    96  uldiv.o(.text)
    __aeabi_memset                           0x0800017d   Thumb Code    14  memseta.o(.text)
    __aeabi_memset4                          0x0800017d   Thumb Code     0  memseta.o(.text)
    __aeabi_memset8                          0x0800017d   Thumb Code     0  memseta.o(.text)
    __aeabi_memclr                           0x0800018b   Thumb Code     4  memseta.o(.text)
    __aeabi_memclr4                          0x0800018b   Thumb Code     0  memseta.o(.text)
    __aeabi_memclr8                          0x0800018b   Thumb Code     0  memseta.o(.text)
    _memset$wrapper                          0x0800018f   Thumb Code    18  memseta.o(.text)
    __aeabi_llsl                             0x080001a1   Thumb Code    32  llshl.o(.text)
    _ll_shift_l                              0x080001a1   Thumb Code     0  llshl.o(.text)
    __aeabi_llsr                             0x080001c1   Thumb Code    34  llushr.o(.text)
    _ll_ushift_r                             0x080001c1   Thumb Code     0  llushr.o(.text)
    __scatterload                            0x080001e5   Thumb Code    28  init.o(.text)
    __scatterload_rt2                        0x080001e5   Thumb Code     0  init.o(.text)
    APP_Init                                 0x08000209   Thumb Code     8  app.o(i.APP_Init)
    APP_PollingTask                          0x08000211   Thumb Code     2  app.o(i.APP_PollingTask)
    BSP_Init                                 0x08000213   Thumb Code    40  bsp.o(i.BSP_Init)
    EXTI4_15_IRQHandler                      0x0800023b   Thumb Code    10  gpio.o(i.EXTI4_15_IRQHandler)
    Error_Handler                            0x08000245   Thumb Code     4  bsp.o(i.Error_Handler)
    HAL_ADC_Init                             0x08000249   Thumb Code   578  stm32g0xx_hal_adc.o(i.HAL_ADC_Init)
    HAL_ADC_MspInit                          0x080004b1   Thumb Code    84  adc.o(i.HAL_ADC_MspInit)
    HAL_DMA_Abort                            0x0800050d   Thumb Code   116  stm32g0xx_hal_dma.o(i.HAL_DMA_Abort)
    HAL_DMA_Abort_IT                         0x08000585   Thumb Code   118  stm32g0xx_hal_dma.o(i.HAL_DMA_Abort_IT)
    HAL_DMA_GetState                         0x08000601   Thumb Code     6  stm32g0xx_hal_dma.o(i.HAL_DMA_GetState)
    HAL_GPIO_EXTI_Falling_Callback           0x08000607   Thumb Code     2  stm32g0xx_hal_gpio.o(i.HAL_GPIO_EXTI_Falling_Callback)
    HAL_GPIO_EXTI_IRQHandler                 0x08000609   Thumb Code    36  stm32g0xx_hal_gpio.o(i.HAL_GPIO_EXTI_IRQHandler)
    HAL_GPIO_EXTI_Rising_Callback            0x08000631   Thumb Code     2  stm32g0xx_hal_gpio.o(i.HAL_GPIO_EXTI_Rising_Callback)
    HAL_GPIO_Init                            0x08000635   Thumb Code   302  stm32g0xx_hal_gpio.o(i.HAL_GPIO_Init)
    HAL_GPIO_WritePin                        0x08000775   Thumb Code    12  stm32g0xx_hal_gpio.o(i.HAL_GPIO_WritePin)
    HAL_GetTick                              0x08000781   Thumb Code     6  stm32g0xx_hal.o(i.HAL_GetTick)
    HAL_I2CEx_ConfigAnalogFilter             0x0800078d   Thumb Code    78  stm32g0xx_hal_i2c_ex.o(i.HAL_I2CEx_ConfigAnalogFilter)
    HAL_I2CEx_ConfigDigitalFilter            0x080007db   Thumb Code    76  stm32g0xx_hal_i2c_ex.o(i.HAL_I2CEx_ConfigDigitalFilter)
    HAL_I2C_AbortCpltCallback                0x08000827   Thumb Code     2  stm32g0xx_hal_i2c.o(i.HAL_I2C_AbortCpltCallback)
    HAL_I2C_AddrCallback                     0x08000829   Thumb Code     2  stm32g0xx_hal_i2c.o(i.HAL_I2C_AddrCallback)
    HAL_I2C_ER_IRQHandler                    0x0800082b   Thumb Code    94  stm32g0xx_hal_i2c.o(i.HAL_I2C_ER_IRQHandler)
    HAL_I2C_EV_IRQHandler                    0x08000889   Thumb Code    16  stm32g0xx_hal_i2c.o(i.HAL_I2C_EV_IRQHandler)
    HAL_I2C_ErrorCallback                    0x08000899   Thumb Code     2  stm32g0xx_hal_i2c.o(i.HAL_I2C_ErrorCallback)
    HAL_I2C_Init                             0x0800089d   Thumb Code   184  stm32g0xx_hal_i2c.o(i.HAL_I2C_Init)
    HAL_I2C_ListenCpltCallback               0x08000959   Thumb Code     2  stm32g0xx_hal_i2c.o(i.HAL_I2C_ListenCpltCallback)
    HAL_I2C_MspInit                          0x0800095d   Thumb Code   178  iic.o(i.HAL_I2C_MspInit)
    HAL_I2C_SlaveRxCpltCallback              0x08000a21   Thumb Code     2  stm32g0xx_hal_i2c.o(i.HAL_I2C_SlaveRxCpltCallback)
    HAL_I2C_SlaveTxCpltCallback              0x08000a23   Thumb Code     2  stm32g0xx_hal_i2c.o(i.HAL_I2C_SlaveTxCpltCallback)
    HAL_IncTick                              0x08000a25   Thumb Code    12  stm32g0xx_hal.o(i.HAL_IncTick)
    HAL_Init                                 0x08000a35   Thumb Code    36  stm32g0xx_hal.o(i.HAL_Init)
    HAL_InitTick                             0x08000a5d   Thumb Code    72  stm32g0xx_hal.o(i.HAL_InitTick)
    HAL_MspInit                              0x08000aad   Thumb Code    38  stm32g0xx_hal_msp.o(i.HAL_MspInit)
    HAL_NVIC_EnableIRQ                       0x08000ad9   Thumb Code    18  stm32g0xx_hal_cortex.o(i.HAL_NVIC_EnableIRQ)
    HAL_NVIC_SetPriority                     0x08000af1   Thumb Code     8  stm32g0xx_hal_cortex.o(i.HAL_NVIC_SetPriority)
    HAL_PWREx_ControlVoltageScaling          0x08000af9   Thumb Code    62  stm32g0xx_hal_pwr_ex.o(i.HAL_PWREx_ControlVoltageScaling)
    HAL_RCCEx_PeriphCLKConfig                0x08000b45   Thumb Code   452  stm32g0xx_hal_rcc_ex.o(i.HAL_RCCEx_PeriphCLKConfig)
    HAL_RCC_ClockConfig                      0x08000d15   Thumb Code   348  stm32g0xx_hal_rcc.o(i.HAL_RCC_ClockConfig)
    HAL_RCC_GetHCLKFreq                      0x08000e89   Thumb Code     6  stm32g0xx_hal_rcc.o(i.HAL_RCC_GetHCLKFreq)
    HAL_RCC_GetPCLK1Freq                     0x08000e95   Thumb Code    32  stm32g0xx_hal_rcc.o(i.HAL_RCC_GetPCLK1Freq)
    HAL_RCC_GetSysClockFreq                  0x08000ebd   Thumb Code   148  stm32g0xx_hal_rcc.o(i.HAL_RCC_GetSysClockFreq)
    HAL_RCC_OscConfig                        0x08000f59   Thumb Code  1082  stm32g0xx_hal_rcc.o(i.HAL_RCC_OscConfig)
    HAL_SYSTICK_Config                       0x08001395   Thumb Code    38  stm32g0xx_hal_cortex.o(i.HAL_SYSTICK_Config)
    HAL_TIMEx_Break2Callback                 0x080013c5   Thumb Code     2  stm32g0xx_hal_tim_ex.o(i.HAL_TIMEx_Break2Callback)
    HAL_TIMEx_BreakCallback                  0x080013c7   Thumb Code     2  stm32g0xx_hal_tim_ex.o(i.HAL_TIMEx_BreakCallback)
    HAL_TIMEx_CommutCallback                 0x080013c9   Thumb Code     2  stm32g0xx_hal_tim_ex.o(i.HAL_TIMEx_CommutCallback)
    HAL_TIMEx_MasterConfigSynchronization    0x080013cd   Thumb Code    96  stm32g0xx_hal_tim_ex.o(i.HAL_TIMEx_MasterConfigSynchronization)
    HAL_TIM_Base_Init                        0x08001435   Thumb Code    78  stm32g0xx_hal_tim.o(i.HAL_TIM_Base_Init)
    HAL_TIM_Base_MspInit                     0x08001485   Thumb Code    44  timer.o(i.HAL_TIM_Base_MspInit)
    HAL_TIM_Base_Start_IT                    0x080014b9   Thumb Code    82  stm32g0xx_hal_tim.o(i.HAL_TIM_Base_Start_IT)
    HAL_TIM_ConfigClockSource                0x08001519   Thumb Code   222  stm32g0xx_hal_tim.o(i.HAL_TIM_ConfigClockSource)
    HAL_TIM_IC_CaptureCallback               0x080015fd   Thumb Code     2  stm32g0xx_hal_tim.o(i.HAL_TIM_IC_CaptureCallback)
    HAL_TIM_IRQHandler                       0x08001601   Thumb Code   390  stm32g0xx_hal_tim.o(i.HAL_TIM_IRQHandler)
    HAL_TIM_OC_DelayElapsedCallback          0x0800178d   Thumb Code     2  stm32g0xx_hal_tim.o(i.HAL_TIM_OC_DelayElapsedCallback)
    HAL_TIM_PWM_PulseFinishedCallback        0x0800178f   Thumb Code     2  stm32g0xx_hal_tim.o(i.HAL_TIM_PWM_PulseFinishedCallback)
    HAL_TIM_PeriodElapsedCallback            0x08001791   Thumb Code     2  stm32g0xx_hal_tim.o(i.HAL_TIM_PeriodElapsedCallback)
    HAL_TIM_TriggerCallback                  0x08001793   Thumb Code     2  stm32g0xx_hal_tim.o(i.HAL_TIM_TriggerCallback)
    HAL_UARTEx_RxEventCallback               0x08001795   Thumb Code     2  stm32g0xx_hal_uart.o(i.HAL_UARTEx_RxEventCallback)
    HAL_UARTEx_RxFifoFullCallback            0x08001797   Thumb Code     2  stm32g0xx_hal_uart_ex.o(i.HAL_UARTEx_RxFifoFullCallback)
    HAL_UARTEx_SetRxFifoThreshold            0x08001799   Thumb Code    72  stm32g0xx_hal_uart_ex.o(i.HAL_UARTEx_SetRxFifoThreshold)
    HAL_UARTEx_TxFifoEmptyCallback           0x080017e1   Thumb Code     2  stm32g0xx_hal_uart_ex.o(i.HAL_UARTEx_TxFifoEmptyCallback)
    HAL_UARTEx_WakeupCallback                0x080017e3   Thumb Code     2  stm32g0xx_hal_uart_ex.o(i.HAL_UARTEx_WakeupCallback)
    HAL_UART_ErrorCallback                   0x080017e5   Thumb Code     2  stm32g0xx_hal_uart.o(i.HAL_UART_ErrorCallback)
    HAL_UART_IRQHandler                      0x080017e9   Thumb Code   602  stm32g0xx_hal_uart.o(i.HAL_UART_IRQHandler)
    HAL_UART_Init                            0x08001a55   Thumb Code   114  stm32g0xx_hal_uart.o(i.HAL_UART_Init)
    HAL_UART_MspInit                         0x08001ac9   Thumb Code   176  usart.o(i.HAL_UART_MspInit)
    HAL_UART_Receive_IT                      0x08001b89   Thumb Code    78  stm32g0xx_hal_uart.o(i.HAL_UART_Receive_IT)
    HAL_UART_RxCpltCallback                  0x08001bd9   Thumb Code    34  usart.o(i.HAL_UART_RxCpltCallback)
    HAL_UART_Transmit                        0x08001c09   Thumb Code   238  stm32g0xx_hal_uart.o(i.HAL_UART_Transmit)
    HAL_UART_TxCpltCallback                  0x08001cf7   Thumb Code     2  stm32g0xx_hal_uart.o(i.HAL_UART_TxCpltCallback)
    HardFault_Handler                        0x08001cf9   Thumb Code     2  stm32g0xx_it.o(i.HardFault_Handler)
    I2C1_EV_IRQHandler                       0x08001cfd   Thumb Code   256  iic.o(i.I2C1_EV_IRQHandler)
    I2C1_IRQHandler                          0x08001e09   Thumb Code    34  iic.o(i.I2C1_IRQHandler)
    I2C2_IRQHandler                          0x08001e31   Thumb Code    30  iic.o(i.I2C2_IRQHandler)
    MX_ADC1_Init                             0x08002429   Thumb Code    66  adc.o(i.MX_ADC1_Init)
    MX_GPIO_Init                             0x08002475   Thumb Code   126  gpio.o(i.MX_GPIO_Init)
    MX_I2C1_Init                             0x08002501   Thumb Code   120  iic.o(i.MX_I2C1_Init)
    MX_I2C2_Init                             0x08002589   Thumb Code    76  iic.o(i.MX_I2C2_Init)
    MX_TIM3_Init                             0x080025e1   Thumb Code   106  timer.o(i.MX_TIM3_Init)
    MX_USART1_UART_Init                      0x08002659   Thumb Code    70  usart.o(i.MX_USART1_UART_Init)
    MX_USART2_UART_Init                      0x080026ad   Thumb Code    50  usart.o(i.MX_USART2_UART_Init)
    NMI_Handler                              0x080026e9   Thumb Code     2  stm32g0xx_it.o(i.NMI_Handler)
    PendSV_Handler                           0x080026eb   Thumb Code     2  stm32g0xx_it.o(i.PendSV_Handler)
    SVC_Handler                              0x080026ed   Thumb Code     2  stm32g0xx_it.o(i.SVC_Handler)
    SysTick_Handler                          0x080026ef   Thumb Code     8  stm32g0xx_it.o(i.SysTick_Handler)
    SystemClock_Config                       0x080026f9   Thumb Code   128  bsp.o(i.SystemClock_Config)
    SystemInit                               0x0800277d   Thumb Code    10  system_stm32g0xx.o(i.SystemInit)
    TIM3_IRQHandler                          0x0800278d   Thumb Code    18  timer.o(i.TIM3_IRQHandler)
    TIM_Base_SetConfig                       0x080027a9   Thumb Code   112  stm32g0xx_hal_tim.o(i.TIM_Base_SetConfig)
    TIM_ETR_SetConfig                        0x0800282d   Thumb Code    22  stm32g0xx_hal_tim.o(i.TIM_ETR_SetConfig)
    UART_AdvFeatureConfig                    0x08002905   Thumb Code   202  stm32g0xx_hal_uart.o(i.UART_AdvFeatureConfig)
    UART_CheckIdleState                      0x080029d1   Thumb Code    98  stm32g0xx_hal_uart.o(i.UART_CheckIdleState)
    UART_SetConfig                           0x08002df9   Thumb Code   562  stm32g0xx_hal_uart.o(i.UART_SetConfig)
    UART_Start_Receive_IT                    0x08003055   Thumb Code   218  stm32g0xx_hal_uart.o(i.UART_Start_Receive_IT)
    UART_WaitOnFlagUntilTimeout              0x08003145   Thumb Code   162  stm32g0xx_hal_uart.o(i.UART_WaitOnFlagUntilTimeout)
    USART1_IRQHandler                        0x080031e9   Thumb Code    10  usart.o(i.USART1_IRQHandler)
    USART2_IRQHandler                        0x080031f9   Thumb Code    10  usart.o(i.USART2_IRQHandler)
    __scatterload_copy                       0x0800324d   Thumb Code    14  handlers.o(i.__scatterload_copy)
    __scatterload_null                       0x0800325b   Thumb Code     2  handlers.o(i.__scatterload_null)
    __scatterload_zeroinit                   0x0800325d   Thumb Code    14  handlers.o(i.__scatterload_zeroinit)
    main                                     0x0800326b   Thumb Code    10  main.o(i.main)
    UARTPrescTable                           0x08003274   Data          24  stm32g0xx_hal_uart.o(.constdata)
    AHBPrescTable                            0x0800328c   Data          64  system_stm32g0xx.o(.constdata)
    APBPrescTable                            0x080032cc   Data          32  system_stm32g0xx.o(.constdata)
    Region$$Table$$Base                      0x080032ec   Number         0  anon$$obj.o(Region$$Table)
    Region$$Table$$Limit                     0x0800330c   Number         0  anon$$obj.o(Region$$Table)
    uwTickFreq                               0x20000000   Data           1  stm32g0xx_hal.o(.data)
    uwTickPrio                               0x20000004   Data           4  stm32g0xx_hal.o(.data)
    uwTick                                   0x20000008   Data           4  stm32g0xx_hal.o(.data)
    SystemCoreClock                          0x2000000c   Data           4  system_stm32g0xx.o(.data)
    I2CFirstByteFlag                         0x20000010   Data           1  iic.o(.data)
    i2c_regtemp                              0x20000011   Data           1  iic.o(.data)
    I2C_DEVICE_REGADDRESS                    0x20000012   Data           1  iic.o(.data)
    I2C_DEVICE_REGOFFSET                     0x20000013   Data           1  iic.o(.data)
    u32I2C_DeviceFlag                        0x20000014   Data           4  iic.o(.data)
    u32ISR1_reg                              0x20000018   Data           4  iic.o(.data)
    g_Tim0Period50ms                         0x2000001c   Data           4  timer.o(.data)
    aRxBuffer                                0x20000020   Data           1  usart.o(.data)
    hadc1                                    0x20000024   Data         100  adc.o(.bss)
    hi2c1                                    0x20000088   Data          76  iic.o(.bss)
    hi2c2                                    0x200000d4   Data          76  iic.o(.bss)
    I2C_REG_TEST                             0x20000120   Data          10  iic.o(.bss)
    htim3                                    0x2000012c   Data          76  timer.o(.bss)
    huart1                                   0x20000178   Data         144  usart.o(.bss)
    huart2                                   0x20000208   Data         144  usart.o(.bss)
    __initial_sp                             0x20000698   Data           0  startup_stm32g031xx.o(STACK)



==============================================================================

Memory Map of the image

  Image Entry point : 0x080000c1

  Load Region LR_IROM1 (Base: 0x08000000, Size: 0x00003330, Max: 0x00010000, ABSOLUTE)

    Execution Region ER_IROM1 (Exec base: 0x08000000, Load base: 0x08000000, Size: 0x0000330c, Max: 0x00010000, ABSOLUTE)

    Exec Addr    Load Addr    Size         Type   Attr      Idx    E Section Name        Object

    0x08000000   0x08000000   0x000000c0   Data   RO            3    RESET               startup_stm32g031xx.o
    0x080000c0   0x080000c0   0x00000000   Code   RO         4438  * .ARM.Collect$$$$00000000  mc_p.l(entry.o)
    0x080000c0   0x080000c0   0x00000004   Code   RO         4453    .ARM.Collect$$$$00000001  mc_p.l(entry2.o)
    0x080000c4   0x080000c4   0x00000004   Code   RO         4456    .ARM.Collect$$$$00000004  mc_p.l(entry5.o)
    0x080000c8   0x080000c8   0x00000000   Code   RO         4458    .ARM.Collect$$$$00000008  mc_p.l(entry7b.o)
    0x080000c8   0x080000c8   0x00000000   Code   RO         4460    .ARM.Collect$$$$0000000A  mc_p.l(entry8b.o)
    0x080000c8   0x080000c8   0x00000008   Code   RO         4461    .ARM.Collect$$$$0000000B  mc_p.l(entry9a.o)
    0x080000d0   0x080000d0   0x00000000   Code   RO         4463    .ARM.Collect$$$$0000000D  mc_p.l(entry10a.o)
    0x080000d0   0x080000d0   0x00000000   Code   RO         4465    .ARM.Collect$$$$0000000F  mc_p.l(entry11a.o)
    0x080000d0   0x080000d0   0x00000004   Code   RO         4454    .ARM.Collect$$$$00002712  mc_p.l(entry2.o)
    0x080000d4   0x080000d4   0x0000001c   Code   RO            4    .text               startup_stm32g031xx.o
    0x080000f0   0x080000f0   0x0000002c   Code   RO         4441    .text               mc_p.l(uidiv.o)
    0x0800011c   0x0800011c   0x00000060   Code   RO         4443    .text               mc_p.l(uldiv.o)
    0x0800017c   0x0800017c   0x00000024   Code   RO         4445    .text               mc_p.l(memseta.o)
    0x080001a0   0x080001a0   0x00000020   Code   RO         4467    .text               mc_p.l(llshl.o)
    0x080001c0   0x080001c0   0x00000022   Code   RO         4469    .text               mc_p.l(llushr.o)
    0x080001e2   0x080001e2   0x00000002   PAD
    0x080001e4   0x080001e4   0x00000024   Code   RO         4478    .text               mc_p.l(init.o)
    0x08000208   0x08000208   0x00000008   Code   RO         3947    i.APP_Init          app.o
    0x08000210   0x08000210   0x00000002   Code   RO         3950    i.APP_PollingTask   app.o
    0x08000212   0x08000212   0x00000028   Code   RO         3985    i.BSP_Init          bsp.o
    0x0800023a   0x0800023a   0x0000000a   Code   RO         4103    i.EXTI4_15_IRQHandler  gpio.o
    0x08000244   0x08000244   0x00000004   Code   RO         3986    i.Error_Handler     bsp.o
    0x08000248   0x08000248   0x00000268   Code   RO          277    i.HAL_ADC_Init      stm32g0xx_hal_adc.o
    0x080004b0   0x080004b0   0x0000005c   Code   RO         4036    i.HAL_ADC_MspInit   adc.o
    0x0800050c   0x0800050c   0x00000078   Code   RO         1011    i.HAL_DMA_Abort     stm32g0xx_hal_dma.o
    0x08000584   0x08000584   0x0000007c   Code   RO         1012    i.HAL_DMA_Abort_IT  stm32g0xx_hal_dma.o
    0x08000600   0x08000600   0x00000006   Code   RO         1015    i.HAL_DMA_GetState  stm32g0xx_hal_dma.o
    0x08000606   0x08000606   0x00000002   Code   RO          941    i.HAL_GPIO_EXTI_Falling_Callback  stm32g0xx_hal_gpio.o
    0x08000608   0x08000608   0x00000028   Code   RO          942    i.HAL_GPIO_EXTI_IRQHandler  stm32g0xx_hal_gpio.o
    0x08000630   0x08000630   0x00000002   Code   RO          943    i.HAL_GPIO_EXTI_Rising_Callback  stm32g0xx_hal_gpio.o
    0x08000632   0x08000632   0x00000002   PAD
    0x08000634   0x08000634   0x00000140   Code   RO          944    i.HAL_GPIO_Init     stm32g0xx_hal_gpio.o
    0x08000774   0x08000774   0x0000000c   Code   RO          948    i.HAL_GPIO_WritePin  stm32g0xx_hal_gpio.o
    0x08000780   0x08000780   0x0000000c   Code   RO         1541    i.HAL_GetTick       stm32g0xx_hal.o
    0x0800078c   0x0800078c   0x0000004e   Code   RO         2282    i.HAL_I2CEx_ConfigAnalogFilter  stm32g0xx_hal_i2c_ex.o
    0x080007da   0x080007da   0x0000004c   Code   RO         2283    i.HAL_I2CEx_ConfigDigitalFilter  stm32g0xx_hal_i2c_ex.o
    0x08000826   0x08000826   0x00000002   Code   RO         1824    i.HAL_I2C_AbortCpltCallback  stm32g0xx_hal_i2c.o
    0x08000828   0x08000828   0x00000002   Code   RO         1825    i.HAL_I2C_AddrCallback  stm32g0xx_hal_i2c.o
    0x0800082a   0x0800082a   0x0000005e   Code   RO         1828    i.HAL_I2C_ER_IRQHandler  stm32g0xx_hal_i2c.o
    0x08000888   0x08000888   0x00000010   Code   RO         1829    i.HAL_I2C_EV_IRQHandler  stm32g0xx_hal_i2c.o
    0x08000898   0x08000898   0x00000002   Code   RO         1831    i.HAL_I2C_ErrorCallback  stm32g0xx_hal_i2c.o
    0x0800089a   0x0800089a   0x00000002   PAD
    0x0800089c   0x0800089c   0x000000bc   Code   RO         1835    i.HAL_I2C_Init      stm32g0xx_hal_i2c.o
    0x08000958   0x08000958   0x00000002   Code   RO         1837    i.HAL_I2C_ListenCpltCallback  stm32g0xx_hal_i2c.o
    0x0800095a   0x0800095a   0x00000002   PAD
    0x0800095c   0x0800095c   0x000000c4   Code   RO         4178    i.HAL_I2C_MspInit   iic.o
    0x08000a20   0x08000a20   0x00000002   Code   RO         1861    i.HAL_I2C_SlaveRxCpltCallback  stm32g0xx_hal_i2c.o
    0x08000a22   0x08000a22   0x00000002   Code   RO         1862    i.HAL_I2C_SlaveTxCpltCallback  stm32g0xx_hal_i2c.o
    0x08000a24   0x08000a24   0x00000010   Code   RO         1547    i.HAL_IncTick       stm32g0xx_hal.o
    0x08000a34   0x08000a34   0x00000028   Code   RO         1548    i.HAL_Init          stm32g0xx_hal.o
    0x08000a5c   0x08000a5c   0x00000050   Code   RO         1549    i.HAL_InitTick      stm32g0xx_hal.o
    0x08000aac   0x08000aac   0x0000002c   Code   RO          241    i.HAL_MspInit       stm32g0xx_hal_msp.o
    0x08000ad8   0x08000ad8   0x00000018   Code   RO         1425    i.HAL_NVIC_EnableIRQ  stm32g0xx_hal_cortex.o
    0x08000af0   0x08000af0   0x00000008   Code   RO         1429    i.HAL_NVIC_SetPriority  stm32g0xx_hal_cortex.o
    0x08000af8   0x08000af8   0x0000004c   Code   RO         1245    i.HAL_PWREx_ControlVoltageScaling  stm32g0xx_hal_pwr_ex.o
    0x08000b44   0x08000b44   0x000001d0   Code   RO          652    i.HAL_RCCEx_PeriphCLKConfig  stm32g0xx_hal_rcc_ex.o
    0x08000d14   0x08000d14   0x00000174   Code   RO          542    i.HAL_RCC_ClockConfig  stm32g0xx_hal_rcc.o
    0x08000e88   0x08000e88   0x0000000c   Code   RO          548    i.HAL_RCC_GetHCLKFreq  stm32g0xx_hal_rcc.o
    0x08000e94   0x08000e94   0x00000028   Code   RO          550    i.HAL_RCC_GetPCLK1Freq  stm32g0xx_hal_rcc.o
    0x08000ebc   0x08000ebc   0x0000009c   Code   RO          551    i.HAL_RCC_GetSysClockFreq  stm32g0xx_hal_rcc.o
    0x08000f58   0x08000f58   0x0000043a   Code   RO          555    i.HAL_RCC_OscConfig  stm32g0xx_hal_rcc.o
    0x08001392   0x08001392   0x00000002   PAD
    0x08001394   0x08001394   0x00000030   Code   RO         1433    i.HAL_SYSTICK_Config  stm32g0xx_hal_cortex.o
    0x080013c4   0x080013c4   0x00000002   Code   RO         3081    i.HAL_TIMEx_Break2Callback  stm32g0xx_hal_tim_ex.o
    0x080013c6   0x080013c6   0x00000002   Code   RO         3082    i.HAL_TIMEx_BreakCallback  stm32g0xx_hal_tim_ex.o
    0x080013c8   0x080013c8   0x00000002   Code   RO         3083    i.HAL_TIMEx_CommutCallback  stm32g0xx_hal_tim_ex.o
    0x080013ca   0x080013ca   0x00000002   PAD
    0x080013cc   0x080013cc   0x00000068   Code   RO         3104    i.HAL_TIMEx_MasterConfigSynchronization  stm32g0xx_hal_tim_ex.o
    0x08001434   0x08001434   0x0000004e   Code   RO         2360    i.HAL_TIM_Base_Init  stm32g0xx_hal_tim.o
    0x08001482   0x08001482   0x00000002   PAD
    0x08001484   0x08001484   0x00000034   Code   RO         4257    i.HAL_TIM_Base_MspInit  timer.o
    0x080014b8   0x080014b8   0x00000060   Code   RO         2365    i.HAL_TIM_Base_Start_IT  stm32g0xx_hal_tim.o
    0x08001518   0x08001518   0x000000e4   Code   RO         2369    i.HAL_TIM_ConfigClockSource  stm32g0xx_hal_tim.o
    0x080015fc   0x080015fc   0x00000002   Code   RO         2394    i.HAL_TIM_IC_CaptureCallback  stm32g0xx_hal_tim.o
    0x080015fe   0x080015fe   0x00000002   PAD
    0x08001600   0x08001600   0x0000018c   Code   RO         2408    i.HAL_TIM_IRQHandler  stm32g0xx_hal_tim.o
    0x0800178c   0x0800178c   0x00000002   Code   RO         2411    i.HAL_TIM_OC_DelayElapsedCallback  stm32g0xx_hal_tim.o
    0x0800178e   0x0800178e   0x00000002   Code   RO         2438    i.HAL_TIM_PWM_PulseFinishedCallback  stm32g0xx_hal_tim.o
    0x08001790   0x08001790   0x00000002   Code   RO         2446    i.HAL_TIM_PeriodElapsedCallback  stm32g0xx_hal_tim.o
    0x08001792   0x08001792   0x00000002   Code   RO         2451    i.HAL_TIM_TriggerCallback  stm32g0xx_hal_tim.o
    0x08001794   0x08001794   0x00000002   Code   RO         3389    i.HAL_UARTEx_RxEventCallback  stm32g0xx_hal_uart.o
    0x08001796   0x08001796   0x00000002   Code   RO         3808    i.HAL_UARTEx_RxFifoFullCallback  stm32g0xx_hal_uart_ex.o
    0x08001798   0x08001798   0x00000048   Code   RO         3809    i.HAL_UARTEx_SetRxFifoThreshold  stm32g0xx_hal_uart_ex.o
    0x080017e0   0x080017e0   0x00000002   Code   RO         3812    i.HAL_UARTEx_TxFifoEmptyCallback  stm32g0xx_hal_uart_ex.o
    0x080017e2   0x080017e2   0x00000002   Code   RO         3813    i.HAL_UARTEx_WakeupCallback  stm32g0xx_hal_uart_ex.o
    0x080017e4   0x080017e4   0x00000002   Code   RO         3405    i.HAL_UART_ErrorCallback  stm32g0xx_hal_uart.o
    0x080017e6   0x080017e6   0x00000002   PAD
    0x080017e8   0x080017e8   0x0000026c   Code   RO         3408    i.HAL_UART_IRQHandler  stm32g0xx_hal_uart.o
    0x08001a54   0x08001a54   0x00000072   Code   RO         3409    i.HAL_UART_Init     stm32g0xx_hal_uart.o
    0x08001ac6   0x08001ac6   0x00000002   PAD
    0x08001ac8   0x08001ac8   0x000000c0   Code   RO         4317    i.HAL_UART_MspInit  usart.o
    0x08001b88   0x08001b88   0x0000004e   Code   RO         3414    i.HAL_UART_Receive_IT  stm32g0xx_hal_uart.o
    0x08001bd6   0x08001bd6   0x00000002   PAD
    0x08001bd8   0x08001bd8   0x00000030   Code   RO         4318    i.HAL_UART_RxCpltCallback  usart.o
    0x08001c08   0x08001c08   0x000000ee   Code   RO         3418    i.HAL_UART_Transmit  stm32g0xx_hal_uart.o
    0x08001cf6   0x08001cf6   0x00000002   Code   RO         3421    i.HAL_UART_TxCpltCallback  stm32g0xx_hal_uart.o
    0x08001cf8   0x08001cf8   0x00000002   Code   RO          197    i.HardFault_Handler  stm32g0xx_it.o
    0x08001cfa   0x08001cfa   0x00000002   PAD
    0x08001cfc   0x08001cfc   0x0000010c   Code   RO         4179    i.I2C1_EV_IRQHandler  iic.o
    0x08001e08   0x08001e08   0x00000028   Code   RO         4180    i.I2C1_IRQHandler   iic.o
    0x08001e30   0x08001e30   0x00000024   Code   RO         4181    i.I2C2_IRQHandler   iic.o
    0x08001e54   0x08001e54   0x0000001c   Code   RO         1874    i.I2C_DMAAbort      stm32g0xx_hal_i2c.o
    0x08001e70   0x08001e70   0x00000056   Code   RO         1880    i.I2C_Disable_IRQ   stm32g0xx_hal_i2c.o
    0x08001ec6   0x08001ec6   0x00000022   Code   RO         1882    i.I2C_Flush_TXDR    stm32g0xx_hal_i2c.o
    0x08001ee8   0x08001ee8   0x0000009e   Code   RO         1883    i.I2C_ITAddrCplt    stm32g0xx_hal_i2c.o
    0x08001f86   0x08001f86   0x00000002   PAD
    0x08001f88   0x08001f88   0x000000fc   Code   RO         1884    i.I2C_ITError       stm32g0xx_hal_i2c.o
    0x08002084   0x08002084   0x00000064   Code   RO         1885    i.I2C_ITListenCplt  stm32g0xx_hal_i2c.o
    0x080020e8   0x080020e8   0x00000148   Code   RO         1888    i.I2C_ITSlaveCplt   stm32g0xx_hal_i2c.o
    0x08002230   0x08002230   0x0000006e   Code   RO         1889    i.I2C_ITSlaveSeqCplt  stm32g0xx_hal_i2c.o
    0x0800229e   0x0800229e   0x00000002   PAD
    0x080022a0   0x080022a0   0x0000013c   Code   RO         1896    i.I2C_Slave_ISR_IT  stm32g0xx_hal_i2c.o
    0x080023dc   0x080023dc   0x00000026   Code   RO         1898    i.I2C_TreatErrorCallback  stm32g0xx_hal_i2c.o
    0x08002402   0x08002402   0x00000008   Code   RO          289    i.LL_ADC_IsEnabled  stm32g0xx_hal_adc.o
    0x0800240a   0x0800240a   0x00000008   Code   RO          290    i.LL_ADC_REG_IsConversionOngoing  stm32g0xx_hal_adc.o
    0x08002412   0x08002412   0x00000016   Code   RO          294    i.LL_ADC_SetSamplingTimeCommonChannels  stm32g0xx_hal_adc.o
    0x08002428   0x08002428   0x0000004c   Code   RO         4037    i.MX_ADC1_Init      adc.o
    0x08002474   0x08002474   0x0000008c   Code   RO         4104    i.MX_GPIO_Init      gpio.o
    0x08002500   0x08002500   0x00000088   Code   RO         4183    i.MX_I2C1_Init      iic.o
    0x08002588   0x08002588   0x00000058   Code   RO         4184    i.MX_I2C2_Init      iic.o
    0x080025e0   0x080025e0   0x00000078   Code   RO         4258    i.MX_TIM3_Init      timer.o
    0x08002658   0x08002658   0x00000054   Code   RO         4319    i.MX_USART1_UART_Init  usart.o
    0x080026ac   0x080026ac   0x0000003c   Code   RO         4320    i.MX_USART2_UART_Init  usart.o
    0x080026e8   0x080026e8   0x00000002   Code   RO          198    i.NMI_Handler       stm32g0xx_it.o
    0x080026ea   0x080026ea   0x00000002   Code   RO          199    i.PendSV_Handler    stm32g0xx_it.o
    0x080026ec   0x080026ec   0x00000002   Code   RO          200    i.SVC_Handler       stm32g0xx_it.o
    0x080026ee   0x080026ee   0x00000008   Code   RO          201    i.SysTick_Handler   stm32g0xx_it.o
    0x080026f6   0x080026f6   0x00000002   PAD
    0x080026f8   0x080026f8   0x00000084   Code   RO         3987    i.SystemClock_Config  bsp.o
    0x0800277c   0x0800277c   0x00000010   Code   RO         3914    i.SystemInit        system_stm32g0xx.o
    0x0800278c   0x0800278c   0x0000001c   Code   RO         4259    i.TIM3_IRQHandler   timer.o
    0x080027a8   0x080027a8   0x00000084   Code   RO         2453    i.TIM_Base_SetConfig  stm32g0xx_hal_tim.o
    0x0800282c   0x0800282c   0x00000016   Code   RO         2464    i.TIM_ETR_SetConfig  stm32g0xx_hal_tim.o
    0x08002842   0x08002842   0x00000002   PAD
    0x08002844   0x08002844   0x00000014   Code   RO         2465    i.TIM_ITRx_SetConfig  stm32g0xx_hal_tim.o
    0x08002858   0x08002858   0x00000022   Code   RO         2473    i.TIM_TI1_ConfigInputStage  stm32g0xx_hal_tim.o
    0x0800287a   0x0800287a   0x00000026   Code   RO         2475    i.TIM_TI2_ConfigInputStage  stm32g0xx_hal_tim.o
    0x080028a0   0x080028a0   0x00000064   Code   RO         3814    i.UARTEx_SetNbDataToProcess  stm32g0xx_hal_uart_ex.o
    0x08002904   0x08002904   0x000000ca   Code   RO         3423    i.UART_AdvFeatureConfig  stm32g0xx_hal_uart.o
    0x080029ce   0x080029ce   0x00000002   PAD
    0x080029d0   0x080029d0   0x00000068   Code   RO         3424    i.UART_CheckIdleState  stm32g0xx_hal_uart.o
    0x08002a38   0x08002a38   0x00000014   Code   RO         3425    i.UART_DMAAbortOnError  stm32g0xx_hal_uart.o
    0x08002a4c   0x08002a4c   0x00000038   Code   RO         3435    i.UART_EndRxTransfer  stm32g0xx_hal_uart.o
    0x08002a84   0x08002a84   0x0000001c   Code   RO         3436    i.UART_EndTransmit_IT  stm32g0xx_hal_uart.o
    0x08002aa0   0x08002aa0   0x0000007e   Code   RO         3438    i.UART_RxISR_16BIT  stm32g0xx_hal_uart.o
    0x08002b1e   0x08002b1e   0x00000002   PAD
    0x08002b20   0x08002b20   0x0000012c   Code   RO         3439    i.UART_RxISR_16BIT_FIFOEN  stm32g0xx_hal_uart.o
    0x08002c4c   0x08002c4c   0x0000007e   Code   RO         3440    i.UART_RxISR_8BIT   stm32g0xx_hal_uart.o
    0x08002cca   0x08002cca   0x00000002   PAD
    0x08002ccc   0x08002ccc   0x0000012c   Code   RO         3441    i.UART_RxISR_8BIT_FIFOEN  stm32g0xx_hal_uart.o
    0x08002df8   0x08002df8   0x0000025c   Code   RO         3442    i.UART_SetConfig    stm32g0xx_hal_uart.o
    0x08003054   0x08003054   0x000000f0   Code   RO         3444    i.UART_Start_Receive_IT  stm32g0xx_hal_uart.o
    0x08003144   0x08003144   0x000000a2   Code   RO         3449    i.UART_WaitOnFlagUntilTimeout  stm32g0xx_hal_uart.o
    0x080031e6   0x080031e6   0x00000002   PAD
    0x080031e8   0x080031e8   0x00000010   Code   RO         4322    i.USART1_IRQHandler  usart.o
    0x080031f8   0x080031f8   0x00000010   Code   RO         4323    i.USART2_IRQHandler  usart.o
    0x08003208   0x08003208   0x00000044   Code   RO         1435    i.__NVIC_SetPriority  stm32g0xx_hal_cortex.o
    0x0800324c   0x0800324c   0x0000000e   Code   RO         4482    i.__scatterload_copy  mc_p.l(handlers.o)
    0x0800325a   0x0800325a   0x00000002   Code   RO         4483    i.__scatterload_null  mc_p.l(handlers.o)
    0x0800325c   0x0800325c   0x0000000e   Code   RO         4484    i.__scatterload_zeroinit  mc_p.l(handlers.o)
    0x0800326a   0x0800326a   0x0000000a   Code   RO           12    i.main              main.o
    0x08003274   0x08003274   0x00000018   Data   RO         3450    .constdata          stm32g0xx_hal_uart.o
    0x0800328c   0x0800328c   0x00000040   Data   RO         3915    .constdata          system_stm32g0xx.o
    0x080032cc   0x080032cc   0x00000020   Data   RO         3916    .constdata          system_stm32g0xx.o
    0x080032ec   0x080032ec   0x00000020   Data   RO         4480    Region$$Table       anon$$obj.o


    Execution Region RW_IRAM1 (Exec base: 0x20000000, Load base: 0x0800330c, Size: 0x00000698, Max: 0x00002000, ABSOLUTE)

    Exec Addr    Load Addr    Size         Type   Attr      Idx    E Section Name        Object

    0x20000000   0x0800330c   0x0000000c   Data   RW         1566    .data               stm32g0xx_hal.o
    0x2000000c   0x08003318   0x00000004   Data   RW         3917    .data               system_stm32g0xx.o
    0x20000010   0x0800331c   0x0000000c   Data   RW         4188    .data               iic.o
    0x2000001c   0x08003328   0x00000004   Data   RW         4264    .data               timer.o
    0x20000020   0x0800332c   0x00000001   Data   RW         4327    .data               usart.o
    0x20000021   0x0800332d   0x00000003   PAD
    0x20000024        -       0x00000064   Zero   RW         4038    .bss                adc.o
    0x20000088        -       0x000000a2   Zero   RW         4186    .bss                iic.o
    0x2000012a   0x0800332d   0x00000002   PAD
    0x2000012c        -       0x0000004c   Zero   RW         4263    .bss                timer.o
    0x20000178        -       0x00000120   Zero   RW         4326    .bss                usart.o
    0x20000298        -       0x00000400   Zero   RW            1    STACK               startup_stm32g031xx.o


==============================================================================

Image component sizes


      Code (inc. data)   RO Data    RW Data    ZI Data      Debug   Object Name

       168         18          0          0        100       1577   adc.o
        10          0          0          0          0        841   app.o
       176          4          0          0          0       1468   bsp.o
       150         14          0          0          0       1357   gpio.o
       764         70          0         12        162       6228   iic.o
        10          0          0          0          0     437788   main.o
        28          8        192          0       1024        620   startup_stm32g031xx.o
       148         22          0         12          0      17065   stm32g0xx_hal.o
       654         38          0          0          0      35527   stm32g0xx_hal_adc.o
       148         24          0          0          0      12085   stm32g0xx_hal_cortex.o
       250         10          0          0          0       2274   stm32g0xx_hal_dma.o
       376         22          0          0          0       3960   stm32g0xx_hal_gpio.o
      1760         52          0          0          0      14715   stm32g0xx_hal_i2c.o
       154          0          0          0          0       1975   stm32g0xx_hal_i2c_ex.o
        44          6          0          0          0        806   stm32g0xx_hal_msp.o
        76         14          0          0          0        746   stm32g0xx_hal_pwr_ex.o
      1662         82          0          0          0      23953   stm32g0xx_hal_rcc.o
       464         12          0          0          0       1684   stm32g0xx_hal_rcc_ex.o
      1054         50          0          0          0       9711   stm32g0xx_hal_tim.o
       110          8          0          0          0       2952   stm32g0xx_hal_tim_ex.o
      3324        108         24          0          0      35658   stm32g0xx_hal_uart.o
       178         18          0          0          0       3681   stm32g0xx_hal_uart_ex.o
        16          0          0          0          0       2083   stm32g0xx_it.o
        16          6         96          4          0       1111   system_stm32g0xx.o
       200         32          0          4         76       2105   timer.o
       416         66          0          1        288       3747   usart.o

    ----------------------------------------------------------------------
     12394        684        344         36       1652     625717   Object Totals
         0          0         32          0          0          0   (incl. Generated)
        38          0          0          3          2          0   (incl. Padding)

    ----------------------------------------------------------------------

      Code (inc. data)   RO Data    RW Data    ZI Data      Debug   Library Member Name

         0          0          0          0          0          0   entry.o
         0          0          0          0          0          0   entry10a.o
         0          0          0          0          0          0   entry11a.o
         8          4          0          0          0          0   entry2.o
         4          0          0          0          0          0   entry5.o
         0          0          0          0          0          0   entry7b.o
         0          0          0          0          0          0   entry8b.o
         8          4          0          0          0          0   entry9a.o
        30          0          0          0          0          0   handlers.o
        36          8          0          0          0         68   init.o
        32          0          0          0          0         68   llshl.o
        34          0          0          0          0         68   llushr.o
        36          0          0          0          0        100   memseta.o
        44          0          0          0          0         72   uidiv.o
        96          0          0          0          0         84   uldiv.o

    ----------------------------------------------------------------------
       330         16          0          0          0        460   Library Totals
         2          0          0          0          0          0   (incl. Padding)

    ----------------------------------------------------------------------

      Code (inc. data)   RO Data    RW Data    ZI Data      Debug   Library Name

       328         16          0          0          0        460   mc_p.l

    ----------------------------------------------------------------------
       330         16          0          0          0        460   Library Totals

    ----------------------------------------------------------------------

==============================================================================


      Code (inc. data)   RO Data    RW Data    ZI Data      Debug   

     12724        700        344         36       1652     621005   Grand Totals
     12724        700        344         36       1652     621005   ELF Image Totals
     12724        700        344         36          0          0   ROM Totals

==============================================================================

    Total RO  Size (Code + RO Data)                13068 (  12.76kB)
    Total RW  Size (RW Data + ZI Data)              1688 (   1.65kB)
    Total ROM Size (Code + RO Data + RW Data)      13104 (  12.80kB)

==============================================================================

